Archive member included because of file (symbol)

c:/freescale/kds_v3/toolchain/bin/../lib/gcc/arm-none-eabi/4.8.4/armv6-m\libgcc.a(_udivsi3.o)
                              ./Sources/conversion.o (__aeabi_uidiv)
c:/freescale/kds_v3/toolchain/bin/../lib/gcc/arm-none-eabi/4.8.4/armv6-m\libgcc.a(_dvmd_tls.o)
                              c:/freescale/kds_v3/toolchain/bin/../lib/gcc/arm-none-eabi/4.8.4/armv6-m\libgcc.a(_udivsi3.o) (__aeabi_idiv0)
c:/freescale/kds_v3/toolchain/bin/../lib/gcc/arm-none-eabi/4.8.4/../../../../arm-none-eabi/lib/armv6-m\libg_s.a(lib_a-exit.o)
                              c:/freescale/kds_v3/toolchain/bin/../lib/gcc/arm-none-eabi/4.8.4/../../../../arm-none-eabi/lib/armv6-m/crt0.o (exit)
c:/freescale/kds_v3/toolchain/bin/../lib/gcc/arm-none-eabi/4.8.4/../../../../arm-none-eabi/lib/armv6-m\libg_s.a(lib_a-impure.o)
                              c:/freescale/kds_v3/toolchain/bin/../lib/gcc/arm-none-eabi/4.8.4/../../../../arm-none-eabi/lib/armv6-m\libg_s.a(lib_a-exit.o) (_global_impure_ptr)
c:/freescale/kds_v3/toolchain/bin/../lib/gcc/arm-none-eabi/4.8.4/../../../../arm-none-eabi/lib/armv6-m\libg_s.a(lib_a-init.o)
                              c:/freescale/kds_v3/toolchain/bin/../lib/gcc/arm-none-eabi/4.8.4/../../../../arm-none-eabi/lib/armv6-m/crt0.o (__libc_init_array)
c:/freescale/kds_v3/toolchain/bin/../lib/gcc/arm-none-eabi/4.8.4/../../../../arm-none-eabi/lib/armv6-m\libg_s.a(lib_a-malloc.o)
                              ./Sources/circbuf.o (malloc)
c:/freescale/kds_v3/toolchain/bin/../lib/gcc/arm-none-eabi/4.8.4/../../../../arm-none-eabi/lib/armv6-m\libg_s.a(lib_a-memset.o)
                              c:/freescale/kds_v3/toolchain/bin/../lib/gcc/arm-none-eabi/4.8.4/../../../../arm-none-eabi/lib/armv6-m/crt0.o (memset)
c:/freescale/kds_v3/toolchain/bin/../lib/gcc/arm-none-eabi/4.8.4/../../../../arm-none-eabi/lib/armv6-m\libg_s.a(lib_a-nano-freer.o)
                              c:/freescale/kds_v3/toolchain/bin/../lib/gcc/arm-none-eabi/4.8.4/../../../../arm-none-eabi/lib/armv6-m\libg_s.a(lib_a-malloc.o) (_free_r)
c:/freescale/kds_v3/toolchain/bin/../lib/gcc/arm-none-eabi/4.8.4/../../../../arm-none-eabi/lib/armv6-m\libg_s.a(lib_a-nano-mallocr.o)
                              c:/freescale/kds_v3/toolchain/bin/../lib/gcc/arm-none-eabi/4.8.4/../../../../arm-none-eabi/lib/armv6-m\libg_s.a(lib_a-malloc.o) (_malloc_r)
c:/freescale/kds_v3/toolchain/bin/../lib/gcc/arm-none-eabi/4.8.4/../../../../arm-none-eabi/lib/armv6-m\libg_s.a(lib_a-sbrkr.o)
                              c:/freescale/kds_v3/toolchain/bin/../lib/gcc/arm-none-eabi/4.8.4/../../../../arm-none-eabi/lib/armv6-m\libg_s.a(lib_a-nano-mallocr.o) (_sbrk_r)
c:/freescale/kds_v3/toolchain/bin/../lib/gcc/arm-none-eabi/4.8.4/../../../../arm-none-eabi/lib/armv6-m\libg_s.a(lib_a-reent.o)
                              c:/freescale/kds_v3/toolchain/bin/../lib/gcc/arm-none-eabi/4.8.4/../../../../arm-none-eabi/lib/armv6-m\libg_s.a(lib_a-sbrkr.o) (errno)
c:/freescale/kds_v3/toolchain/bin/../lib/gcc/arm-none-eabi/4.8.4/../../../../arm-none-eabi/lib/armv6-m\libnosys.a(sbrk.o)
                              c:/freescale/kds_v3/toolchain/bin/../lib/gcc/arm-none-eabi/4.8.4/../../../../arm-none-eabi/lib/armv6-m\libg_s.a(lib_a-sbrkr.o) (_sbrk)
c:/freescale/kds_v3/toolchain/bin/../lib/gcc/arm-none-eabi/4.8.4/../../../../arm-none-eabi/lib/armv6-m\libnosys.a(_exit.o)
                              c:/freescale/kds_v3/toolchain/bin/../lib/gcc/arm-none-eabi/4.8.4/../../../../arm-none-eabi/lib/armv6-m\libg_s.a(lib_a-exit.o) (_exit)

Allocating common symbols
Common symbol       size              file

recbuf              0x4               ./Sources/uart.o
errno               0x4               c:/freescale/kds_v3/toolchain/bin/../lib/gcc/arm-none-eabi/4.8.4/../../../../arm-none-eabi/lib/armv6-m\libg_s.a(lib_a-reent.o)
transbuf            0x4               ./Sources/uart.o

Discarded input sections

 .text          0x00000000        0x0 c:/freescale/kds_v3/toolchain/bin/../lib/gcc/arm-none-eabi/4.8.4/armv6-m/crti.o
 .data          0x00000000        0x0 c:/freescale/kds_v3/toolchain/bin/../lib/gcc/arm-none-eabi/4.8.4/armv6-m/crti.o
 .bss           0x00000000        0x0 c:/freescale/kds_v3/toolchain/bin/../lib/gcc/arm-none-eabi/4.8.4/armv6-m/crti.o
 .data          0x00000000        0x4 c:/freescale/kds_v3/toolchain/bin/../lib/gcc/arm-none-eabi/4.8.4/armv6-m/crtbegin.o
 .data          0x00000000        0x0 c:/freescale/kds_v3/toolchain/bin/../lib/gcc/arm-none-eabi/4.8.4/../../../../arm-none-eabi/lib/armv6-m/crt0.o
 .bss           0x00000000        0x0 c:/freescale/kds_v3/toolchain/bin/../lib/gcc/arm-none-eabi/4.8.4/../../../../arm-none-eabi/lib/armv6-m/crt0.o
 .ARM.extab     0x00000000        0x0 c:/freescale/kds_v3/toolchain/bin/../lib/gcc/arm-none-eabi/4.8.4/../../../../arm-none-eabi/lib/armv6-m/crt0.o
 .group         0x00000000        0x8 ./Sources/circbuf.o
 .group         0x00000000        0x8 ./Sources/circbuf.o
 .group         0x00000000        0x8 ./Sources/circbuf.o
 .group         0x00000000        0x8 ./Sources/circbuf.o
 .group         0x00000000        0x8 ./Sources/circbuf.o
 .group         0x00000000        0x8 ./Sources/circbuf.o
 .group         0x00000000        0x8 ./Sources/circbuf.o
 .group         0x00000000        0x8 ./Sources/circbuf.o
 .group         0x00000000        0x8 ./Sources/circbuf.o
 .group         0x00000000        0x8 ./Sources/circbuf.o
 .group         0x00000000        0x8 ./Sources/circbuf.o
 .group         0x00000000        0x8 ./Sources/circbuf.o
 .group         0x00000000        0x8 ./Sources/circbuf.o
 .group         0x00000000        0x8 ./Sources/circbuf.o
 .group         0x00000000        0x8 ./Sources/circbuf.o
 .group         0x00000000        0x8 ./Sources/circbuf.o
 .group         0x00000000        0x8 ./Sources/circbuf.o
 .group         0x00000000        0x8 ./Sources/circbuf.o
 .group         0x00000000        0x8 ./Sources/circbuf.o
 .group         0x00000000        0x8 ./Sources/circbuf.o
 .group         0x00000000        0x8 ./Sources/circbuf.o
 .group         0x00000000        0x8 ./Sources/circbuf.o
 .group         0x00000000        0x8 ./Sources/circbuf.o
 .text          0x00000000        0x0 ./Sources/circbuf.o
 .data          0x00000000        0x0 ./Sources/circbuf.o
 .bss           0x00000000        0x0 ./Sources/circbuf.o
 .text.CB_is_full
                0x00000000       0x30 ./Sources/circbuf.o
 .text.CB_is_empty
                0x00000000       0x2c ./Sources/circbuf.o
 .text.CB_peek  0x00000000       0x8c ./Sources/circbuf.o
 .text.CB_destroy
                0x00000000       0x24 ./Sources/circbuf.o
 .group         0x00000000        0x8 ./Sources/conversion.o
 .group         0x00000000        0x8 ./Sources/conversion.o
 .group         0x00000000        0x8 ./Sources/conversion.o
 .group         0x00000000        0x8 ./Sources/conversion.o
 .group         0x00000000        0x8 ./Sources/conversion.o
 .group         0x00000000        0x8 ./Sources/conversion.o
 .group         0x00000000        0x8 ./Sources/conversion.o
 .group         0x00000000        0x8 ./Sources/conversion.o
 .group         0x00000000        0x8 ./Sources/conversion.o
 .group         0x00000000        0x8 ./Sources/conversion.o
 .group         0x00000000        0x8 ./Sources/conversion.o
 .group         0x00000000        0x8 ./Sources/conversion.o
 .group         0x00000000        0x8 ./Sources/conversion.o
 .group         0x00000000        0x8 ./Sources/conversion.o
 .group         0x00000000        0x8 ./Sources/conversion.o
 .group         0x00000000        0x8 ./Sources/conversion.o
 .group         0x00000000        0x8 ./Sources/conversion.o
 .group         0x00000000        0x8 ./Sources/conversion.o
 .group         0x00000000        0x8 ./Sources/conversion.o
 .group         0x00000000        0x8 ./Sources/conversion.o
 .text          0x00000000        0x0 ./Sources/conversion.o
 .data          0x00000000        0x0 ./Sources/conversion.o
 .bss           0x00000000        0x0 ./Sources/conversion.o
 .text.my_atoi  0x00000000       0xd4 ./Sources/conversion.o
 .text.big_to_little32
                0x00000000       0x78 ./Sources/conversion.o
 .text.little_to_big32
                0x00000000       0x78 ./Sources/conversion.o
 .debug_macro   0x00000000      0x802 ./Sources/conversion.o
 .debug_macro   0x00000000       0x16 ./Sources/conversion.o
 .debug_macro   0x00000000       0x58 ./Sources/conversion.o
 .debug_macro   0x00000000       0x35 ./Sources/conversion.o
 .debug_macro   0x00000000       0xa3 ./Sources/conversion.o
 .debug_macro   0x00000000       0x16 ./Sources/conversion.o
 .debug_macro   0x00000000       0x97 ./Sources/conversion.o
 .debug_macro   0x00000000       0x10 ./Sources/conversion.o
 .debug_macro   0x00000000       0xef ./Sources/conversion.o
 .debug_macro   0x00000000       0x52 ./Sources/conversion.o
 .debug_macro   0x00000000       0x16 ./Sources/conversion.o
 .debug_macro   0x00000000       0x43 ./Sources/conversion.o
 .debug_macro   0x00000000      0x180 ./Sources/conversion.o
 .debug_macro   0x00000000       0x10 ./Sources/conversion.o
 .debug_macro   0x00000000       0x22 ./Sources/conversion.o
 .debug_macro   0x00000000       0xbd ./Sources/conversion.o
 .debug_macro   0x00000000       0x16 ./Sources/conversion.o
 .debug_macro   0x00000000      0x14a ./Sources/conversion.o
 .group         0x00000000        0x8 ./Sources/main.o
 .group         0x00000000        0x8 ./Sources/main.o
 .group         0x00000000        0x8 ./Sources/main.o
 .group         0x00000000        0x8 ./Sources/main.o
 .group         0x00000000        0x8 ./Sources/main.o
 .group         0x00000000        0x8 ./Sources/main.o
 .group         0x00000000        0x8 ./Sources/main.o
 .group         0x00000000        0x8 ./Sources/main.o
 .group         0x00000000        0x8 ./Sources/main.o
 .group         0x00000000        0x8 ./Sources/main.o
 .group         0x00000000        0x8 ./Sources/main.o
 .group         0x00000000        0x8 ./Sources/main.o
 .group         0x00000000        0x8 ./Sources/main.o
 .group         0x00000000        0x8 ./Sources/main.o
 .group         0x00000000        0x8 ./Sources/main.o
 .group         0x00000000        0x8 ./Sources/main.o
 .group         0x00000000        0x8 ./Sources/main.o
 .group         0x00000000        0x8 ./Sources/main.o
 .group         0x00000000        0x8 ./Sources/main.o
 .group         0x00000000        0x8 ./Sources/main.o
 .group         0x00000000        0x8 ./Sources/main.o
 .group         0x00000000        0x8 ./Sources/main.o
 .group         0x00000000        0x8 ./Sources/main.o
 .group         0x00000000        0x8 ./Sources/main.o
 .group         0x00000000        0x8 ./Sources/main.o
 .group         0x00000000        0x8 ./Sources/main.o
 .group         0x00000000        0x8 ./Sources/main.o
 .group         0x00000000        0x8 ./Sources/main.o
 .group         0x00000000        0x8 ./Sources/main.o
 .group         0x00000000        0x8 ./Sources/main.o
 .text          0x00000000        0x0 ./Sources/main.o
 .data          0x00000000        0x0 ./Sources/main.o
 .bss           0x00000000        0x0 ./Sources/main.o
 .debug_macro   0x00000000      0x802 ./Sources/main.o
 .debug_macro   0x00000000       0x58 ./Sources/main.o
 .debug_macro   0x00000000       0x16 ./Sources/main.o
 .debug_macro   0x00000000       0x35 ./Sources/main.o
 .debug_macro   0x00000000       0xa3 ./Sources/main.o
 .debug_macro   0x00000000       0x16 ./Sources/main.o
 .debug_macro   0x00000000       0x4a ./Sources/main.o
 .debug_macro   0x00000000       0x52 ./Sources/main.o
 .debug_macro   0x00000000       0x16 ./Sources/main.o
 .debug_macro   0x00000000       0x43 ./Sources/main.o
 .debug_macro   0x00000000      0x180 ./Sources/main.o
 .debug_macro   0x00000000       0x22 ./Sources/main.o
 .debug_macro   0x00000000      0x20f ./Sources/main.o
 .debug_macro   0x00000000       0x35 ./Sources/main.o
 .debug_macro   0x00000000       0x10 ./Sources/main.o
 .debug_macro   0x00000000       0x10 ./Sources/main.o
 .debug_macro   0x00000000       0x22 ./Sources/main.o
 .debug_macro   0x00000000       0xbd ./Sources/main.o
 .debug_macro   0x00000000       0x16 ./Sources/main.o
 .debug_macro   0x00000000      0x14a ./Sources/main.o
 .group         0x00000000        0x8 ./Sources/memory.o
 .group         0x00000000        0x8 ./Sources/memory.o
 .group         0x00000000        0x8 ./Sources/memory.o
 .group         0x00000000        0x8 ./Sources/memory.o
 .group         0x00000000        0x8 ./Sources/memory.o
 .group         0x00000000        0x8 ./Sources/memory.o
 .group         0x00000000        0x8 ./Sources/memory.o
 .group         0x00000000        0x8 ./Sources/memory.o
 .group         0x00000000        0x8 ./Sources/memory.o
 .group         0x00000000        0x8 ./Sources/memory.o
 .group         0x00000000        0x8 ./Sources/memory.o
 .group         0x00000000        0x8 ./Sources/memory.o
 .group         0x00000000        0x8 ./Sources/memory.o
 .group         0x00000000        0x8 ./Sources/memory.o
 .group         0x00000000        0x8 ./Sources/memory.o
 .group         0x00000000        0x8 ./Sources/memory.o
 .group         0x00000000        0x8 ./Sources/memory.o
 .group         0x00000000        0x8 ./Sources/memory.o
 .group         0x00000000        0x8 ./Sources/memory.o
 .group         0x00000000        0x8 ./Sources/memory.o
 .group         0x00000000        0x8 ./Sources/memory.o
 .group         0x00000000        0x8 ./Sources/memory.o
 .group         0x00000000        0x8 ./Sources/memory.o
 .text          0x00000000        0x0 ./Sources/memory.o
 .data          0x00000000        0x0 ./Sources/memory.o
 .bss           0x00000000        0x0 ./Sources/memory.o
 .text.my_memmove
                0x00000000       0xcc ./Sources/memory.o
 .text.my_memcpy
                0x00000000       0x68 ./Sources/memory.o
 .text.my_memset
                0x00000000       0x4c ./Sources/memory.o
 .text.my_memzero
                0x00000000       0x48 ./Sources/memory.o
 .text.my_reverse
                0x00000000       0x90 ./Sources/memory.o
 .text.reserve_words
                0x00000000       0x20 ./Sources/memory.o
 .text.free_words
                0x00000000       0x18 ./Sources/memory.o
 .debug_info    0x00000000      0x2c6 ./Sources/memory.o
 .debug_abbrev  0x00000000       0xe7 ./Sources/memory.o
 .debug_aranges
                0x00000000       0x50 ./Sources/memory.o
 .debug_ranges  0x00000000       0x40 ./Sources/memory.o
 .debug_macro   0x00000000      0x13f ./Sources/memory.o
 .debug_macro   0x00000000      0x802 ./Sources/memory.o
 .debug_macro   0x00000000       0x16 ./Sources/memory.o
 .debug_macro   0x00000000       0x44 ./Sources/memory.o
 .debug_macro   0x00000000      0x209 ./Sources/memory.o
 .debug_macro   0x00000000       0x58 ./Sources/memory.o
 .debug_macro   0x00000000       0x35 ./Sources/memory.o
 .debug_macro   0x00000000       0xa3 ./Sources/memory.o
 .debug_macro   0x00000000       0x16 ./Sources/memory.o
 .debug_macro   0x00000000       0x97 ./Sources/memory.o
 .debug_macro   0x00000000       0x10 ./Sources/memory.o
 .debug_macro   0x00000000       0xef ./Sources/memory.o
 .debug_macro   0x00000000       0x52 ./Sources/memory.o
 .debug_macro   0x00000000       0x16 ./Sources/memory.o
 .debug_macro   0x00000000       0x43 ./Sources/memory.o
 .debug_macro   0x00000000      0x180 ./Sources/memory.o
 .debug_macro   0x00000000       0x10 ./Sources/memory.o
 .debug_macro   0x00000000       0x22 ./Sources/memory.o
 .debug_macro   0x00000000       0xbd ./Sources/memory.o
 .debug_macro   0x00000000       0x16 ./Sources/memory.o
 .debug_macro   0x00000000      0x14a ./Sources/memory.o
 .debug_macro   0x00000000       0x16 ./Sources/memory.o
 .debug_macro   0x00000000       0x35 ./Sources/memory.o
 .debug_macro   0x00000000       0x22 ./Sources/memory.o
 .debug_line    0x00000000      0x360 ./Sources/memory.o
 .debug_str     0x00000000     0x4eb9 ./Sources/memory.o
 .comment       0x00000000       0x71 ./Sources/memory.o
 .ARM.attributes
                0x00000000       0x32 ./Sources/memory.o
 .debug_frame   0x00000000       0xf0 ./Sources/memory.o
 .group         0x00000000        0x8 ./Sources/project2.o
 .group         0x00000000        0x8 ./Sources/project2.o
 .group         0x00000000        0x8 ./Sources/project2.o
 .group         0x00000000        0x8 ./Sources/project2.o
 .group         0x00000000        0x8 ./Sources/project2.o
 .group         0x00000000        0x8 ./Sources/project2.o
 .group         0x00000000        0x8 ./Sources/project2.o
 .group         0x00000000        0x8 ./Sources/project2.o
 .group         0x00000000        0x8 ./Sources/project2.o
 .group         0x00000000        0x8 ./Sources/project2.o
 .group         0x00000000        0x8 ./Sources/project2.o
 .group         0x00000000        0x8 ./Sources/project2.o
 .group         0x00000000        0x8 ./Sources/project2.o
 .group         0x00000000        0x8 ./Sources/project2.o
 .group         0x00000000        0x8 ./Sources/project2.o
 .group         0x00000000        0x8 ./Sources/project2.o
 .group         0x00000000        0x8 ./Sources/project2.o
 .group         0x00000000        0x8 ./Sources/project2.o
 .group         0x00000000        0x8 ./Sources/project2.o
 .group         0x00000000        0x8 ./Sources/project2.o
 .group         0x00000000        0x8 ./Sources/project2.o
 .group         0x00000000        0x8 ./Sources/project2.o
 .group         0x00000000        0x8 ./Sources/project2.o
 .group         0x00000000        0x8 ./Sources/project2.o
 .group         0x00000000        0x8 ./Sources/project2.o
 .group         0x00000000        0x8 ./Sources/project2.o
 .group         0x00000000        0x8 ./Sources/project2.o
 .group         0x00000000        0x8 ./Sources/project2.o
 .group         0x00000000        0x8 ./Sources/project2.o
 .text          0x00000000        0x0 ./Sources/project2.o
 .data          0x00000000        0x0 ./Sources/project2.o
 .bss           0x00000000        0x0 ./Sources/project2.o
 .debug_macro   0x00000000      0x802 ./Sources/project2.o
 .debug_macro   0x00000000       0x16 ./Sources/project2.o
 .debug_macro   0x00000000       0x44 ./Sources/project2.o
 .debug_macro   0x00000000      0x209 ./Sources/project2.o
 .debug_macro   0x00000000       0x58 ./Sources/project2.o
 .debug_macro   0x00000000       0x35 ./Sources/project2.o
 .debug_macro   0x00000000       0xa3 ./Sources/project2.o
 .debug_macro   0x00000000       0x16 ./Sources/project2.o
 .debug_macro   0x00000000      0x10e ./Sources/project2.o
 .debug_macro   0x00000000       0x7f ./Sources/project2.o
 .debug_macro   0x00000000       0x52 ./Sources/project2.o
 .debug_macro   0x00000000       0x16 ./Sources/project2.o
 .debug_macro   0x00000000       0x43 ./Sources/project2.o
 .debug_macro   0x00000000      0x180 ./Sources/project2.o
 .debug_macro   0x00000000       0x22 ./Sources/project2.o
 .debug_macro   0x00000000       0x1c ./Sources/project2.o
 .debug_macro   0x00000000       0x35 ./Sources/project2.o
 .debug_macro   0x00000000       0x10 ./Sources/project2.o
 .debug_macro   0x00000000       0x10 ./Sources/project2.o
 .debug_macro   0x00000000       0x22 ./Sources/project2.o
 .debug_macro   0x00000000       0xbd ./Sources/project2.o
 .debug_macro   0x00000000       0x16 ./Sources/project2.o
 .debug_macro   0x00000000      0x14a ./Sources/project2.o
 .debug_macro   0x00000000       0x3a ./Sources/project2.o
 .debug_macro   0x00000000       0x26 ./Sources/project2.o
 .debug_macro   0x00000000      0x306 ./Sources/project2.o
 .debug_macro   0x00000000       0x63 ./Sources/project2.o
 .debug_macro   0x00000000     0x839f ./Sources/project2.o
 .group         0x00000000        0x8 ./Sources/uart.o
 .group         0x00000000        0x8 ./Sources/uart.o
 .group         0x00000000        0x8 ./Sources/uart.o
 .group         0x00000000        0x8 ./Sources/uart.o
 .group         0x00000000        0x8 ./Sources/uart.o
 .group         0x00000000        0x8 ./Sources/uart.o
 .group         0x00000000        0x8 ./Sources/uart.o
 .group         0x00000000        0x8 ./Sources/uart.o
 .group         0x00000000        0x8 ./Sources/uart.o
 .group         0x00000000        0x8 ./Sources/uart.o
 .group         0x00000000        0x8 ./Sources/uart.o
 .group         0x00000000        0x8 ./Sources/uart.o
 .group         0x00000000        0x8 ./Sources/uart.o
 .group         0x00000000        0x8 ./Sources/uart.o
 .group         0x00000000        0x8 ./Sources/uart.o
 .group         0x00000000        0x8 ./Sources/uart.o
 .group         0x00000000        0x8 ./Sources/uart.o
 .group         0x00000000        0x8 ./Sources/uart.o
 .group         0x00000000        0x8 ./Sources/uart.o
 .group         0x00000000        0x8 ./Sources/uart.o
 .group         0x00000000        0x8 ./Sources/uart.o
 .group         0x00000000        0x8 ./Sources/uart.o
 .group         0x00000000        0x8 ./Sources/uart.o
 .group         0x00000000        0x8 ./Sources/uart.o
 .group         0x00000000        0x8 ./Sources/uart.o
 .group         0x00000000        0x8 ./Sources/uart.o
 .group         0x00000000        0x8 ./Sources/uart.o
 .group         0x00000000        0x8 ./Sources/uart.o
 .group         0x00000000        0x8 ./Sources/uart.o
 .text          0x00000000        0x0 ./Sources/uart.o
 .data          0x00000000        0x0 ./Sources/uart.o
 .bss           0x00000000        0x0 ./Sources/uart.o
 .text.UART_receive_n
                0x00000000       0x4c ./Sources/uart.o
 .debug_macro   0x00000000      0x802 ./Sources/uart.o
 .debug_macro   0x00000000       0x58 ./Sources/uart.o
 .debug_macro   0x00000000       0x16 ./Sources/uart.o
 .debug_macro   0x00000000       0x35 ./Sources/uart.o
 .debug_macro   0x00000000       0xa3 ./Sources/uart.o
 .debug_macro   0x00000000       0x16 ./Sources/uart.o
 .debug_macro   0x00000000       0x97 ./Sources/uart.o
 .debug_macro   0x00000000       0x10 ./Sources/uart.o
 .debug_macro   0x00000000       0xef ./Sources/uart.o
 .debug_macro   0x00000000       0x4a ./Sources/uart.o
 .debug_macro   0x00000000       0x52 ./Sources/uart.o
 .debug_macro   0x00000000       0x16 ./Sources/uart.o
 .debug_macro   0x00000000       0x43 ./Sources/uart.o
 .debug_macro   0x00000000      0x180 ./Sources/uart.o
 .debug_macro   0x00000000       0x10 ./Sources/uart.o
 .debug_macro   0x00000000       0x22 ./Sources/uart.o
 .debug_macro   0x00000000       0xbd ./Sources/uart.o
 .debug_macro   0x00000000       0x16 ./Sources/uart.o
 .debug_macro   0x00000000      0x14a ./Sources/uart.o
 .debug_macro   0x00000000       0x16 ./Sources/uart.o
 .debug_macro   0x00000000       0x35 ./Sources/uart.o
 .debug_macro   0x00000000       0x22 ./Sources/uart.o
 .debug_macro   0x00000000      0x20f ./Sources/uart.o
 .debug_macro   0x00000000       0x4c ./Sources/uart.o
 .debug_macro   0x00000000       0x3a ./Sources/uart.o
 .debug_macro   0x00000000       0x26 ./Sources/uart.o
 .debug_macro   0x00000000      0x306 ./Sources/uart.o
 .debug_macro   0x00000000       0x63 ./Sources/uart.o
 .debug_macro   0x00000000     0x839f ./Sources/uart.o
 .data          0x00000000        0x0 ./Project_Settings/Startup_Code/startup_MKL25Z4.o
 .bss           0x00000000        0x0 ./Project_Settings/Startup_Code/startup_MKL25Z4.o
 .group         0x00000000        0x8 ./Project_Settings/Startup_Code/system_MKL25Z4.o
 .group         0x00000000        0x8 ./Project_Settings/Startup_Code/system_MKL25Z4.o
 .group         0x00000000        0x8 ./Project_Settings/Startup_Code/system_MKL25Z4.o
 .group         0x00000000        0x8 ./Project_Settings/Startup_Code/system_MKL25Z4.o
 .group         0x00000000        0x8 ./Project_Settings/Startup_Code/system_MKL25Z4.o
 .group         0x00000000        0x8 ./Project_Settings/Startup_Code/system_MKL25Z4.o
 .group         0x00000000        0x8 ./Project_Settings/Startup_Code/system_MKL25Z4.o
 .group         0x00000000        0x8 ./Project_Settings/Startup_Code/system_MKL25Z4.o
 .group         0x00000000        0x8 ./Project_Settings/Startup_Code/system_MKL25Z4.o
 .group         0x00000000        0x8 ./Project_Settings/Startup_Code/system_MKL25Z4.o
 .text          0x00000000        0x0 ./Project_Settings/Startup_Code/system_MKL25Z4.o
 .data          0x00000000        0x0 ./Project_Settings/Startup_Code/system_MKL25Z4.o
 .bss           0x00000000        0x0 ./Project_Settings/Startup_Code/system_MKL25Z4.o
 .data.SystemCoreClock
                0x00000000        0x4 ./Project_Settings/Startup_Code/system_MKL25Z4.o
 .text.SystemCoreClockUpdate
                0x00000000      0x23c ./Project_Settings/Startup_Code/system_MKL25Z4.o
 .debug_macro   0x00000000      0x802 ./Project_Settings/Startup_Code/system_MKL25Z4.o
 .debug_macro   0x00000000       0x16 ./Project_Settings/Startup_Code/system_MKL25Z4.o
 .debug_macro   0x00000000       0x44 ./Project_Settings/Startup_Code/system_MKL25Z4.o
 .debug_macro   0x00000000      0x209 ./Project_Settings/Startup_Code/system_MKL25Z4.o
 .debug_macro   0x00000000       0x4c ./Project_Settings/Startup_Code/system_MKL25Z4.o
 .debug_macro   0x00000000       0x3a ./Project_Settings/Startup_Code/system_MKL25Z4.o
 .debug_macro   0x00000000       0x26 ./Project_Settings/Startup_Code/system_MKL25Z4.o
 .debug_macro   0x00000000      0x306 ./Project_Settings/Startup_Code/system_MKL25Z4.o
 .debug_macro   0x00000000       0x63 ./Project_Settings/Startup_Code/system_MKL25Z4.o
 .debug_macro   0x00000000     0x839f ./Project_Settings/Startup_Code/system_MKL25Z4.o
 .data          0x00000000        0x0 c:/freescale/kds_v3/toolchain/bin/../lib/gcc/arm-none-eabi/4.8.4/armv6-m\libgcc.a(_udivsi3.o)
 .bss           0x00000000        0x0 c:/freescale/kds_v3/toolchain/bin/../lib/gcc/arm-none-eabi/4.8.4/armv6-m\libgcc.a(_udivsi3.o)
 .data          0x00000000        0x0 c:/freescale/kds_v3/toolchain/bin/../lib/gcc/arm-none-eabi/4.8.4/armv6-m\libgcc.a(_dvmd_tls.o)
 .bss           0x00000000        0x0 c:/freescale/kds_v3/toolchain/bin/../lib/gcc/arm-none-eabi/4.8.4/armv6-m\libgcc.a(_dvmd_tls.o)
 .text          0x00000000        0x0 c:/freescale/kds_v3/toolchain/bin/../lib/gcc/arm-none-eabi/4.8.4/../../../../arm-none-eabi/lib/armv6-m\libg_s.a(lib_a-exit.o)
 .data          0x00000000        0x0 c:/freescale/kds_v3/toolchain/bin/../lib/gcc/arm-none-eabi/4.8.4/../../../../arm-none-eabi/lib/armv6-m\libg_s.a(lib_a-exit.o)
 .bss           0x00000000        0x0 c:/freescale/kds_v3/toolchain/bin/../lib/gcc/arm-none-eabi/4.8.4/../../../../arm-none-eabi/lib/armv6-m\libg_s.a(lib_a-exit.o)
 .text          0x00000000        0x0 c:/freescale/kds_v3/toolchain/bin/../lib/gcc/arm-none-eabi/4.8.4/../../../../arm-none-eabi/lib/armv6-m\libg_s.a(lib_a-impure.o)
 .data          0x00000000        0x0 c:/freescale/kds_v3/toolchain/bin/../lib/gcc/arm-none-eabi/4.8.4/../../../../arm-none-eabi/lib/armv6-m\libg_s.a(lib_a-impure.o)
 .bss           0x00000000        0x0 c:/freescale/kds_v3/toolchain/bin/../lib/gcc/arm-none-eabi/4.8.4/../../../../arm-none-eabi/lib/armv6-m\libg_s.a(lib_a-impure.o)
 .text          0x00000000        0x0 c:/freescale/kds_v3/toolchain/bin/../lib/gcc/arm-none-eabi/4.8.4/../../../../arm-none-eabi/lib/armv6-m\libg_s.a(lib_a-init.o)
 .data          0x00000000        0x0 c:/freescale/kds_v3/toolchain/bin/../lib/gcc/arm-none-eabi/4.8.4/../../../../arm-none-eabi/lib/armv6-m\libg_s.a(lib_a-init.o)
 .bss           0x00000000        0x0 c:/freescale/kds_v3/toolchain/bin/../lib/gcc/arm-none-eabi/4.8.4/../../../../arm-none-eabi/lib/armv6-m\libg_s.a(lib_a-init.o)
 .text          0x00000000        0x0 c:/freescale/kds_v3/toolchain/bin/../lib/gcc/arm-none-eabi/4.8.4/../../../../arm-none-eabi/lib/armv6-m\libg_s.a(lib_a-malloc.o)
 .data          0x00000000        0x0 c:/freescale/kds_v3/toolchain/bin/../lib/gcc/arm-none-eabi/4.8.4/../../../../arm-none-eabi/lib/armv6-m\libg_s.a(lib_a-malloc.o)
 .bss           0x00000000        0x0 c:/freescale/kds_v3/toolchain/bin/../lib/gcc/arm-none-eabi/4.8.4/../../../../arm-none-eabi/lib/armv6-m\libg_s.a(lib_a-malloc.o)
 .text          0x00000000        0x0 c:/freescale/kds_v3/toolchain/bin/../lib/gcc/arm-none-eabi/4.8.4/../../../../arm-none-eabi/lib/armv6-m\libg_s.a(lib_a-memset.o)
 .data          0x00000000        0x0 c:/freescale/kds_v3/toolchain/bin/../lib/gcc/arm-none-eabi/4.8.4/../../../../arm-none-eabi/lib/armv6-m\libg_s.a(lib_a-memset.o)
 .bss           0x00000000        0x0 c:/freescale/kds_v3/toolchain/bin/../lib/gcc/arm-none-eabi/4.8.4/../../../../arm-none-eabi/lib/armv6-m\libg_s.a(lib_a-memset.o)
 .text          0x00000000        0x0 c:/freescale/kds_v3/toolchain/bin/../lib/gcc/arm-none-eabi/4.8.4/../../../../arm-none-eabi/lib/armv6-m\libg_s.a(lib_a-nano-freer.o)
 .data          0x00000000        0x0 c:/freescale/kds_v3/toolchain/bin/../lib/gcc/arm-none-eabi/4.8.4/../../../../arm-none-eabi/lib/armv6-m\libg_s.a(lib_a-nano-freer.o)
 .bss           0x00000000        0x0 c:/freescale/kds_v3/toolchain/bin/../lib/gcc/arm-none-eabi/4.8.4/../../../../arm-none-eabi/lib/armv6-m\libg_s.a(lib_a-nano-freer.o)
 .text          0x00000000        0x0 c:/freescale/kds_v3/toolchain/bin/../lib/gcc/arm-none-eabi/4.8.4/../../../../arm-none-eabi/lib/armv6-m\libg_s.a(lib_a-nano-mallocr.o)
 .data          0x00000000        0x0 c:/freescale/kds_v3/toolchain/bin/../lib/gcc/arm-none-eabi/4.8.4/../../../../arm-none-eabi/lib/armv6-m\libg_s.a(lib_a-nano-mallocr.o)
 .bss           0x00000000        0x0 c:/freescale/kds_v3/toolchain/bin/../lib/gcc/arm-none-eabi/4.8.4/../../../../arm-none-eabi/lib/armv6-m\libg_s.a(lib_a-nano-mallocr.o)
 .text          0x00000000        0x0 c:/freescale/kds_v3/toolchain/bin/../lib/gcc/arm-none-eabi/4.8.4/../../../../arm-none-eabi/lib/armv6-m\libg_s.a(lib_a-sbrkr.o)
 .data          0x00000000        0x0 c:/freescale/kds_v3/toolchain/bin/../lib/gcc/arm-none-eabi/4.8.4/../../../../arm-none-eabi/lib/armv6-m\libg_s.a(lib_a-sbrkr.o)
 .bss           0x00000000        0x0 c:/freescale/kds_v3/toolchain/bin/../lib/gcc/arm-none-eabi/4.8.4/../../../../arm-none-eabi/lib/armv6-m\libg_s.a(lib_a-sbrkr.o)
 .text          0x00000000        0x0 c:/freescale/kds_v3/toolchain/bin/../lib/gcc/arm-none-eabi/4.8.4/../../../../arm-none-eabi/lib/armv6-m\libg_s.a(lib_a-reent.o)
 .data          0x00000000        0x0 c:/freescale/kds_v3/toolchain/bin/../lib/gcc/arm-none-eabi/4.8.4/../../../../arm-none-eabi/lib/armv6-m\libg_s.a(lib_a-reent.o)
 .bss           0x00000000        0x0 c:/freescale/kds_v3/toolchain/bin/../lib/gcc/arm-none-eabi/4.8.4/../../../../arm-none-eabi/lib/armv6-m\libg_s.a(lib_a-reent.o)
 .text.cleanup_glue
                0x00000000       0x1a c:/freescale/kds_v3/toolchain/bin/../lib/gcc/arm-none-eabi/4.8.4/../../../../arm-none-eabi/lib/armv6-m\libg_s.a(lib_a-reent.o)
 .text._reclaim_reent
                0x00000000       0xcc c:/freescale/kds_v3/toolchain/bin/../lib/gcc/arm-none-eabi/4.8.4/../../../../arm-none-eabi/lib/armv6-m\libg_s.a(lib_a-reent.o)
 .text          0x00000000        0x0 c:/freescale/kds_v3/toolchain/bin/../lib/gcc/arm-none-eabi/4.8.4/../../../../arm-none-eabi/lib/armv6-m\libnosys.a(sbrk.o)
 .data          0x00000000        0x0 c:/freescale/kds_v3/toolchain/bin/../lib/gcc/arm-none-eabi/4.8.4/../../../../arm-none-eabi/lib/armv6-m\libnosys.a(sbrk.o)
 .bss           0x00000000        0x0 c:/freescale/kds_v3/toolchain/bin/../lib/gcc/arm-none-eabi/4.8.4/../../../../arm-none-eabi/lib/armv6-m\libnosys.a(sbrk.o)
 .text          0x00000000        0x0 c:/freescale/kds_v3/toolchain/bin/../lib/gcc/arm-none-eabi/4.8.4/../../../../arm-none-eabi/lib/armv6-m\libnosys.a(_exit.o)
 .data          0x00000000        0x0 c:/freescale/kds_v3/toolchain/bin/../lib/gcc/arm-none-eabi/4.8.4/../../../../arm-none-eabi/lib/armv6-m\libnosys.a(_exit.o)
 .bss           0x00000000        0x0 c:/freescale/kds_v3/toolchain/bin/../lib/gcc/arm-none-eabi/4.8.4/../../../../arm-none-eabi/lib/armv6-m\libnosys.a(_exit.o)
 .text          0x00000000        0x0 c:/freescale/kds_v3/toolchain/bin/../lib/gcc/arm-none-eabi/4.8.4/armv6-m/crtend.o
 .data          0x00000000        0x0 c:/freescale/kds_v3/toolchain/bin/../lib/gcc/arm-none-eabi/4.8.4/armv6-m/crtend.o
 .bss           0x00000000        0x0 c:/freescale/kds_v3/toolchain/bin/../lib/gcc/arm-none-eabi/4.8.4/armv6-m/crtend.o
 .eh_frame      0x00000000        0x4 c:/freescale/kds_v3/toolchain/bin/../lib/gcc/arm-none-eabi/4.8.4/armv6-m/crtend.o
 .text          0x00000000        0x0 c:/freescale/kds_v3/toolchain/bin/../lib/gcc/arm-none-eabi/4.8.4/armv6-m/crtn.o
 .data          0x00000000        0x0 c:/freescale/kds_v3/toolchain/bin/../lib/gcc/arm-none-eabi/4.8.4/armv6-m/crtn.o
 .bss           0x00000000        0x0 c:/freescale/kds_v3/toolchain/bin/../lib/gcc/arm-none-eabi/4.8.4/armv6-m/crtn.o

Memory Configuration

Name             Origin             Length             Attributes
m_interrupts     0x00000000         0x00000100         xr
m_flash_config   0x00000400         0x00000010         xr
m_text           0x00000410         0x0001fbf0         xr
m_data           0x1ffff000         0x00004000         rw
*default*        0x00000000         0xffffffff

Linker script and memory map

LOAD c:/freescale/kds_v3/toolchain/bin/../lib/gcc/arm-none-eabi/4.8.4/armv6-m/crti.o
LOAD c:/freescale/kds_v3/toolchain/bin/../lib/gcc/arm-none-eabi/4.8.4/armv6-m/crtbegin.o
LOAD c:/freescale/kds_v3/toolchain/bin/../lib/gcc/arm-none-eabi/4.8.4/../../../../arm-none-eabi/lib/armv6-m/crt0.o
LOAD ./Sources/circbuf.o
LOAD ./Sources/conversion.o
LOAD ./Sources/main.o
LOAD ./Sources/memory.o
LOAD ./Sources/project2.o
LOAD ./Sources/uart.o
LOAD ./Project_Settings/Startup_Code/startup_MKL25Z4.o
LOAD ./Project_Settings/Startup_Code/system_MKL25Z4.o
LOAD c:/freescale/kds_v3/toolchain/bin/../lib/gcc/arm-none-eabi/4.8.4/../../../../arm-none-eabi/lib/armv6-m\libstdc++_s.a
LOAD c:/freescale/kds_v3/toolchain/bin/../lib/gcc/arm-none-eabi/4.8.4/../../../../arm-none-eabi/lib/armv6-m\libm.a
START GROUP
LOAD c:/freescale/kds_v3/toolchain/bin/../lib/gcc/arm-none-eabi/4.8.4/armv6-m\libgcc.a
LOAD c:/freescale/kds_v3/toolchain/bin/../lib/gcc/arm-none-eabi/4.8.4/../../../../arm-none-eabi/lib/armv6-m\libg_s.a
LOAD c:/freescale/kds_v3/toolchain/bin/../lib/gcc/arm-none-eabi/4.8.4/../../../../arm-none-eabi/lib/armv6-m\libc_s.a
END GROUP
START GROUP
LOAD c:/freescale/kds_v3/toolchain/bin/../lib/gcc/arm-none-eabi/4.8.4/armv6-m\libgcc.a
LOAD c:/freescale/kds_v3/toolchain/bin/../lib/gcc/arm-none-eabi/4.8.4/../../../../arm-none-eabi/lib/armv6-m\libc_s.a
LOAD c:/freescale/kds_v3/toolchain/bin/../lib/gcc/arm-none-eabi/4.8.4/../../../../arm-none-eabi/lib/armv6-m\libnosys.a
END GROUP
START GROUP
LOAD c:/freescale/kds_v3/toolchain/bin/../lib/gcc/arm-none-eabi/4.8.4/armv6-m\libgcc.a
LOAD c:/freescale/kds_v3/toolchain/bin/../lib/gcc/arm-none-eabi/4.8.4/../../../../arm-none-eabi/lib/armv6-m\libc_s.a
LOAD c:/freescale/kds_v3/toolchain/bin/../lib/gcc/arm-none-eabi/4.8.4/../../../../arm-none-eabi/lib/armv6-m\libnosys.a
END GROUP
LOAD c:/freescale/kds_v3/toolchain/bin/../lib/gcc/arm-none-eabi/4.8.4/armv6-m/crtend.o
LOAD c:/freescale/kds_v3/toolchain/bin/../lib/gcc/arm-none-eabi/4.8.4/armv6-m/crtn.o
                0x00000400                HEAP_SIZE = DEFINED (__heap_size__)?__heap_size__:0x400
                0x00000400                STACK_SIZE = DEFINED (__stack_size__)?__stack_size__:0x400

.interrupts     0x00000000       0xc0
                0x00000000                __VECTOR_TABLE = .
                0x00000000                . = ALIGN (0x4)
 *(.isr_vector)
 .isr_vector    0x00000000       0xc0 ./Project_Settings/Startup_Code/startup_MKL25Z4.o
                0x00000000                __isr_vector
                0x000000c0                . = ALIGN (0x4)

.flash_config   0x00000400       0x10
                0x00000400                . = ALIGN (0x4)
 *(.FlashConfig)
 .FlashConfig   0x00000400       0x10 ./Project_Settings/Startup_Code/startup_MKL25Z4.o
                0x00000410                . = ALIGN (0x4)

.text           0x00000410      0xe68
                0x00000410                . = ALIGN (0x4)
 *(.text)
 .text          0x00000410       0x60 c:/freescale/kds_v3/toolchain/bin/../lib/gcc/arm-none-eabi/4.8.4/armv6-m/crtbegin.o
 .text          0x00000470       0x78 c:/freescale/kds_v3/toolchain/bin/../lib/gcc/arm-none-eabi/4.8.4/../../../../arm-none-eabi/lib/armv6-m/crt0.o
                0x00000470                _start
                0x00000470                _mainCRTStartup
 .text          0x000004e8       0x34 ./Project_Settings/Startup_Code/startup_MKL25Z4.o
                0x000004e8                Reset_Handler
                0x00000514                HardFault_Handler
                0x00000514                SysTick_Handler
                0x00000514                PendSV_Handler
                0x00000514                NMI_Handler
                0x00000514                I2C1_IRQHandler
                0x00000514                UART1_IRQHandler
                0x00000514                DMA2_IRQHandler
                0x00000514                TPM0_IRQHandler
                0x00000514                LLWU_IRQHandler
                0x00000514                TSI0_IRQHandler
                0x00000514                ADC0_IRQHandler
                0x00000514                Reserved39_IRQHandler
                0x00000514                SPI1_IRQHandler
                0x00000514                DefaultISR
                0x00000514                PORTD_IRQHandler
                0x00000514                TPM2_IRQHandler
                0x00000514                RTC_IRQHandler
                0x00000514                I2C0_IRQHandler
                0x00000514                RTC_Seconds_IRQHandler
                0x00000514                MCG_IRQHandler
                0x00000514                UART2_IRQHandler
                0x00000514                Reserved20_IRQHandler
                0x00000514                USB0_IRQHandler
                0x00000514                PIT_IRQHandler
                0x00000514                SVC_Handler
                0x00000514                DMA3_IRQHandler
                0x00000514                DMA0_IRQHandler
                0x00000514                DAC0_IRQHandler
                0x00000514                Reserved45_IRQHandler
                0x00000514                TPM1_IRQHandler
                0x00000514                LVD_LVW_IRQHandler
                0x00000514                SPI0_IRQHandler
                0x00000514                PORTA_IRQHandler
                0x00000514                FTFA_IRQHandler
                0x00000514                LPTMR0_IRQHandler
                0x00000514                CMP0_IRQHandler
                0x00000514                DMA1_IRQHandler
 .text          0x0000051c       0x9c c:/freescale/kds_v3/toolchain/bin/../lib/gcc/arm-none-eabi/4.8.4/armv6-m\libgcc.a(_udivsi3.o)
                0x0000051c                __aeabi_uidiv
                0x0000051c                __udivsi3
                0x000005a4                __aeabi_uidivmod
 .text          0x000005b8        0x4 c:/freescale/kds_v3/toolchain/bin/../lib/gcc/arm-none-eabi/4.8.4/armv6-m\libgcc.a(_dvmd_tls.o)
                0x000005b8                __aeabi_idiv0
                0x000005b8                __aeabi_ldiv0
 *(.text*)
 .text.CB_init  0x000005bc       0x60 ./Sources/circbuf.o
                0x000005bc                CB_init
 .text.CB_buffer_add_item
                0x0000061c       0x7c ./Sources/circbuf.o
                0x0000061c                CB_buffer_add_item
 .text.CB_buffer_remove_item
                0x00000698       0x68 ./Sources/circbuf.o
                0x00000698                CB_buffer_remove_item
 .text.my_itoa  0x00000700      0x1a8 ./Sources/conversion.o
                0x00000700                my_itoa
 .text.main     0x000008a8       0x88 ./Sources/main.o
                0x000008a8                main
 .text.project2
                0x00000930      0x284 ./Sources/project2.o
                0x00000930                project2
 .text.NVIC_EnableIRQ
                0x00000bb4       0x2c ./Sources/uart.o
 .text.NVIC_ClearPendingIRQ
                0x00000be0       0x2c ./Sources/uart.o
 .text.NVIC_SetPriority
                0x00000c0c       0xe0 ./Sources/uart.o
 .text.create_buffer
                0x00000cec       0x28 ./Sources/uart.o
                0x00000cec                create_buffer
 .text.UART_configure
                0x00000d14       0xb4 ./Sources/uart.o
                0x00000d14                UART_configure
 .text.add_to_buffer
                0x00000dc8       0x38 ./Sources/uart.o
                0x00000dc8                add_to_buffer
 .text.UART_send
                0x00000e00       0x30 ./Sources/uart.o
                0x00000e00                UART_send
 .text.UART_send_n
                0x00000e30       0x50 ./Sources/uart.o
                0x00000e30                UART_send_n
 .text.UART_receive
                0x00000e80       0x34 ./Sources/uart.o
                0x00000e80                UART_receive
 .text.UART0_IRQHandler
                0x00000eb4       0xcc ./Sources/uart.o
                0x00000eb4                UART0_IRQHandler
 .text.SystemInit
                0x00000f80       0x18 ./Project_Settings/Startup_Code/system_MKL25Z4.o
                0x00000f80                SystemInit
 .text.exit     0x00000f98       0x2c c:/freescale/kds_v3/toolchain/bin/../lib/gcc/arm-none-eabi/4.8.4/../../../../arm-none-eabi/lib/armv6-m\libg_s.a(lib_a-exit.o)
                0x00000f98                exit
 .text.__libc_init_array
                0x00000fc4       0x4c c:/freescale/kds_v3/toolchain/bin/../lib/gcc/arm-none-eabi/4.8.4/../../../../arm-none-eabi/lib/armv6-m\libg_s.a(lib_a-init.o)
                0x00000fc4                __libc_init_array
 .text.malloc   0x00001010       0x14 c:/freescale/kds_v3/toolchain/bin/../lib/gcc/arm-none-eabi/4.8.4/../../../../arm-none-eabi/lib/armv6-m\libg_s.a(lib_a-malloc.o)
                0x00001010                malloc
 .text.free     0x00001024       0x14 c:/freescale/kds_v3/toolchain/bin/../lib/gcc/arm-none-eabi/4.8.4/../../../../arm-none-eabi/lib/armv6-m\libg_s.a(lib_a-malloc.o)
                0x00001024                free
 .text.memset   0x00001038       0x10 c:/freescale/kds_v3/toolchain/bin/../lib/gcc/arm-none-eabi/4.8.4/../../../../arm-none-eabi/lib/armv6-m\libg_s.a(lib_a-memset.o)
                0x00001038                memset
 .text._free_r  0x00001048       0x90 c:/freescale/kds_v3/toolchain/bin/../lib/gcc/arm-none-eabi/4.8.4/../../../../arm-none-eabi/lib/armv6-m\libg_s.a(lib_a-nano-freer.o)
                0x00001048                _free_r
 .text._malloc_r
                0x000010d8       0xa8 c:/freescale/kds_v3/toolchain/bin/../lib/gcc/arm-none-eabi/4.8.4/../../../../arm-none-eabi/lib/armv6-m\libg_s.a(lib_a-nano-mallocr.o)
                0x000010d8                _malloc_r
 .text._sbrk_r  0x00001180       0x24 c:/freescale/kds_v3/toolchain/bin/../lib/gcc/arm-none-eabi/4.8.4/../../../../arm-none-eabi/lib/armv6-m\libg_s.a(lib_a-sbrkr.o)
                0x00001180                _sbrk_r
 .text._sbrk    0x000011a4       0x34 c:/freescale/kds_v3/toolchain/bin/../lib/gcc/arm-none-eabi/4.8.4/../../../../arm-none-eabi/lib/armv6-m\libnosys.a(sbrk.o)
                0x000011a4                _sbrk
 .text._exit    0x000011d8        0x4 c:/freescale/kds_v3/toolchain/bin/../lib/gcc/arm-none-eabi/4.8.4/../../../../arm-none-eabi/lib/armv6-m\libnosys.a(_exit.o)
                0x000011d8                _exit
 *(.rodata)
 .rodata        0x000011dc       0x18 ./Sources/main.o
 .rodata        0x000011f4       0x64 ./Sources/project2.o
 *(.rodata*)
 .rodata.str1.1
                0x00001258        0x2 c:/freescale/kds_v3/toolchain/bin/../lib/gcc/arm-none-eabi/4.8.4/../../../../arm-none-eabi/lib/armv6-m\libg_s.a(lib_a-impure.o)
 *fill*         0x0000125a        0x2 
 .rodata._global_impure_ptr
                0x0000125c        0x4 c:/freescale/kds_v3/toolchain/bin/../lib/gcc/arm-none-eabi/4.8.4/../../../../arm-none-eabi/lib/armv6-m\libg_s.a(lib_a-impure.o)
                0x0000125c                _global_impure_ptr
 *(.glue_7)
 .glue_7        0x00000000        0x0 linker stubs
 *(.glue_7t)
 .glue_7t       0x00000000        0x0 linker stubs
 *(.eh_frame)
 .eh_frame      0x00001260        0x0 c:/freescale/kds_v3/toolchain/bin/../lib/gcc/arm-none-eabi/4.8.4/armv6-m/crtbegin.o
 *(.init)
 .init          0x00001260        0x4 c:/freescale/kds_v3/toolchain/bin/../lib/gcc/arm-none-eabi/4.8.4/armv6-m/crti.o
                0x00001260                _init
 .init          0x00001264        0x8 c:/freescale/kds_v3/toolchain/bin/../lib/gcc/arm-none-eabi/4.8.4/armv6-m/crtn.o
 *(.fini)
 .fini          0x0000126c        0x4 c:/freescale/kds_v3/toolchain/bin/../lib/gcc/arm-none-eabi/4.8.4/armv6-m/crti.o
                0x0000126c                _fini
 .fini          0x00001270        0x8 c:/freescale/kds_v3/toolchain/bin/../lib/gcc/arm-none-eabi/4.8.4/armv6-m/crtn.o
                0x00001278                . = ALIGN (0x4)

.vfp11_veneer   0x00001278        0x0
 .vfp11_veneer  0x00000000        0x0 linker stubs

.v4_bx          0x00001278        0x0
 .v4_bx         0x00000000        0x0 linker stubs

.iplt           0x00001278        0x0
 .iplt          0x00000000        0x0 c:/freescale/kds_v3/toolchain/bin/../lib/gcc/arm-none-eabi/4.8.4/armv6-m/crtbegin.o

.ARM.extab
 *(.ARM.extab* .gnu.linkonce.armextab.*)

.ARM            0x00001278        0x8
                0x00001278                __exidx_start = .
 *(.ARM.exidx*)
 .ARM.exidx     0x00001278        0x8 c:/freescale/kds_v3/toolchain/bin/../lib/gcc/arm-none-eabi/4.8.4/../../../../arm-none-eabi/lib/armv6-m/crt0.o
                0x00001280                __exidx_end = .

.rel.dyn        0x00001280        0x0
 .rel.iplt      0x00000000        0x0 c:/freescale/kds_v3/toolchain/bin/../lib/gcc/arm-none-eabi/4.8.4/armv6-m/crtbegin.o

.ctors          0x00001280        0x0
                0x00001280                __CTOR_LIST__ = .
 *crtbegin.o(.ctors)
 *crtbegin?.o(.ctors)
 *(EXCLUDE_FILE(*crtend.o *crtend?.o) .ctors)
 *(SORT(.ctors.*))
 *(.ctors)
                0x00001280                __CTOR_END__ = .

.dtors          0x00001280        0x0
                0x00001280                __DTOR_LIST__ = .
 *crtbegin.o(.dtors)
 *crtbegin?.o(.dtors)
 *(EXCLUDE_FILE(*crtend.o *crtend?.o) .dtors)
 *(SORT(.dtors.*))
 *(.dtors)
                0x00001280                __DTOR_END__ = .

.preinit_array  0x00001280        0x0
                0x00001280                PROVIDE (__preinit_array_start, .)
 *(.preinit_array*)
                0x00001280                PROVIDE (__preinit_array_end, .)

.init_array     0x00001280        0x4
                0x00001280                PROVIDE (__init_array_start, .)
 *(SORT(.init_array.*))
 *(.init_array*)
 .init_array    0x00001280        0x4 c:/freescale/kds_v3/toolchain/bin/../lib/gcc/arm-none-eabi/4.8.4/armv6-m/crtbegin.o
                0x00001284                PROVIDE (__init_array_end, .)

.fini_array     0x00001284        0x4
                0x00001284                PROVIDE (__fini_array_start, .)
 *(SORT(.fini_array.*))
 *(.fini_array*)
 .fini_array    0x00001284        0x4 c:/freescale/kds_v3/toolchain/bin/../lib/gcc/arm-none-eabi/4.8.4/armv6-m/crtbegin.o
                0x00001288                PROVIDE (__fini_array_end, .)
                0x00001288                __etext = .
                0x00001288                __DATA_ROM = .

.mtb            0x1ffff000        0x0
                0x1ffff000                . = ALIGN (0x8)
                0x1ffff000                _mtb_start = .
 *(.mtb_buf)
                0x1ffff000                . = ALIGN (0x8)
                0x1ffff000                _mtb_end = .

.data           0x1ffff000       0x68 load address 0x00001288
                0x1ffff000                . = ALIGN (0x4)
                0x1ffff000                __DATA_RAM = .
                0x1ffff000                __data_start__ = .
 *(.data)
 *(.data*)
 .data.impure_data
                0x1ffff000       0x60 c:/freescale/kds_v3/toolchain/bin/../lib/gcc/arm-none-eabi/4.8.4/../../../../arm-none-eabi/lib/armv6-m\libg_s.a(lib_a-impure.o)
 .data._impure_ptr
                0x1ffff060        0x4 c:/freescale/kds_v3/toolchain/bin/../lib/gcc/arm-none-eabi/4.8.4/../../../../arm-none-eabi/lib/armv6-m\libg_s.a(lib_a-impure.o)
                0x1ffff060                _impure_ptr
 *(.jcr*)
 .jcr           0x1ffff064        0x0 c:/freescale/kds_v3/toolchain/bin/../lib/gcc/arm-none-eabi/4.8.4/armv6-m/crtbegin.o
 .jcr           0x1ffff064        0x4 c:/freescale/kds_v3/toolchain/bin/../lib/gcc/arm-none-eabi/4.8.4/armv6-m/crtend.o
                0x1ffff068                . = ALIGN (0x4)
                0x1ffff068                __data_end__ = .
                0x000012f0                __DATA_END = (__DATA_ROM + (__data_end__ - __data_start__))

.igot.plt       0x1ffff068        0x0 load address 0x000012f0
 .igot.plt      0x00000000        0x0 c:/freescale/kds_v3/toolchain/bin/../lib/gcc/arm-none-eabi/4.8.4/armv6-m/crtbegin.o

.bss            0x1ffff068       0x4c load address 0x000012f0
                0x1ffff068                . = ALIGN (0x4)
                0x1ffff068                __START_BSS = .
                0x1ffff068                __bss_start__ = .
 *(.bss)
 .bss           0x1ffff068       0x1c c:/freescale/kds_v3/toolchain/bin/../lib/gcc/arm-none-eabi/4.8.4/armv6-m/crtbegin.o
 *(.bss*)
 .bss.alpha_Count
                0x1ffff084        0x4 ./Sources/project2.o
                0x1ffff084                alpha_Count
 .bss.num_Count
                0x1ffff088        0x4 ./Sources/project2.o
                0x1ffff088                num_Count
 .bss.punc_Count
                0x1ffff08c        0x4 ./Sources/project2.o
                0x1ffff08c                punc_Count
 .bss.misc_Count
                0x1ffff090        0x4 ./Sources/project2.o
                0x1ffff090                misc_Count
 .bss.rec_DataCount
                0x1ffff094        0x4 ./Sources/project2.o
                0x1ffff094                rec_DataCount
 .bss.recflag   0x1ffff098        0x1 ./Sources/uart.o
                0x1ffff098                recflag
 *fill*         0x1ffff099        0x3 
 .bss.__malloc_sbrk_start
                0x1ffff09c        0x4 c:/freescale/kds_v3/toolchain/bin/../lib/gcc/arm-none-eabi/4.8.4/../../../../arm-none-eabi/lib/armv6-m\libg_s.a(lib_a-nano-mallocr.o)
                0x1ffff09c                __malloc_sbrk_start
 .bss.__malloc_free_list
                0x1ffff0a0        0x4 c:/freescale/kds_v3/toolchain/bin/../lib/gcc/arm-none-eabi/4.8.4/../../../../arm-none-eabi/lib/armv6-m\libg_s.a(lib_a-nano-mallocr.o)
                0x1ffff0a0                __malloc_free_list
 .bss.heap_end.4246
                0x1ffff0a4        0x4 c:/freescale/kds_v3/toolchain/bin/../lib/gcc/arm-none-eabi/4.8.4/../../../../arm-none-eabi/lib/armv6-m\libnosys.a(sbrk.o)
 *(COMMON)
 COMMON         0x1ffff0a8        0x8 ./Sources/uart.o
                0x1ffff0a8                recbuf
                0x1ffff0ac                transbuf
 COMMON         0x1ffff0b0        0x4 c:/freescale/kds_v3/toolchain/bin/../lib/gcc/arm-none-eabi/4.8.4/../../../../arm-none-eabi/lib/armv6-m\libg_s.a(lib_a-reent.o)
                0x1ffff0b0                errno
                0x1ffff0b4                . = ALIGN (0x4)
                0x1ffff0b4                __bss_end__ = .
                0x1ffff0b4                __END_BSS = .

.heap           0x1ffff0b4      0x404 load address 0x0000133c
                0x1ffff0b8                . = ALIGN (0x8)
 *fill*         0x1ffff0b4        0x4 
                0x1ffff0b8                __end__ = .
                0x1ffff0b8                PROVIDE (end, .)
                0x1ffff0b8                __HeapBase = .
                0x1ffff4b8                . = (. + HEAP_SIZE)
 *fill*         0x1ffff0b8      0x400 
                0x1ffff4b8                __HeapLimit = .

.stack          0x1ffff4b8      0x400 load address 0x00001740
                0x1ffff4b8                . = ALIGN (0x8)
                0x1ffff8b8                . = (. + STACK_SIZE)
 *fill*         0x1ffff4b8      0x400 
                0x20003000                __StackTop = (ORIGIN (m_data) + 0x4000)
                0x20002c00                __StackLimit = (__StackTop - STACK_SIZE)
                0x20003000                PROVIDE (__stack, __StackTop)

.ARM.attributes
                0x00000000       0x28
 *(.ARM.attributes)
 .ARM.attributes
                0x00000000       0x1e c:/freescale/kds_v3/toolchain/bin/../lib/gcc/arm-none-eabi/4.8.4/armv6-m/crti.o
 .ARM.attributes
                0x0000001e       0x2c c:/freescale/kds_v3/toolchain/bin/../lib/gcc/arm-none-eabi/4.8.4/armv6-m/crtbegin.o
 .ARM.attributes
                0x0000004a       0x1b c:/freescale/kds_v3/toolchain/bin/../lib/gcc/arm-none-eabi/4.8.4/../../../../arm-none-eabi/lib/armv6-m/crt0.o
 .ARM.attributes
                0x00000065       0x32 ./Sources/circbuf.o
 .ARM.attributes
                0x00000097       0x32 ./Sources/conversion.o
 .ARM.attributes
                0x000000c9       0x32 ./Sources/main.o
 .ARM.attributes
                0x000000fb       0x32 ./Sources/project2.o
 .ARM.attributes
                0x0000012d       0x32 ./Sources/uart.o
 .ARM.attributes
                0x0000015f       0x1b ./Project_Settings/Startup_Code/startup_MKL25Z4.o
 .ARM.attributes
                0x0000017a       0x32 ./Project_Settings/Startup_Code/system_MKL25Z4.o
 .ARM.attributes
                0x000001ac       0x1e c:/freescale/kds_v3/toolchain/bin/../lib/gcc/arm-none-eabi/4.8.4/armv6-m\libgcc.a(_udivsi3.o)
 .ARM.attributes
                0x000001ca       0x1e c:/freescale/kds_v3/toolchain/bin/../lib/gcc/arm-none-eabi/4.8.4/armv6-m\libgcc.a(_dvmd_tls.o)
 .ARM.attributes
                0x000001e8       0x2c c:/freescale/kds_v3/toolchain/bin/../lib/gcc/arm-none-eabi/4.8.4/../../../../arm-none-eabi/lib/armv6-m\libg_s.a(lib_a-exit.o)
 .ARM.attributes
                0x00000214       0x2c c:/freescale/kds_v3/toolchain/bin/../lib/gcc/arm-none-eabi/4.8.4/../../../../arm-none-eabi/lib/armv6-m\libg_s.a(lib_a-impure.o)
 .ARM.attributes
                0x00000240       0x2c c:/freescale/kds_v3/toolchain/bin/../lib/gcc/arm-none-eabi/4.8.4/../../../../arm-none-eabi/lib/armv6-m\libg_s.a(lib_a-init.o)
 .ARM.attributes
                0x0000026c       0x2c c:/freescale/kds_v3/toolchain/bin/../lib/gcc/arm-none-eabi/4.8.4/../../../../arm-none-eabi/lib/armv6-m\libg_s.a(lib_a-malloc.o)
 .ARM.attributes
                0x00000298       0x2c c:/freescale/kds_v3/toolchain/bin/../lib/gcc/arm-none-eabi/4.8.4/../../../../arm-none-eabi/lib/armv6-m\libg_s.a(lib_a-memset.o)
 .ARM.attributes
                0x000002c4       0x2c c:/freescale/kds_v3/toolchain/bin/../lib/gcc/arm-none-eabi/4.8.4/../../../../arm-none-eabi/lib/armv6-m\libg_s.a(lib_a-nano-freer.o)
 .ARM.attributes
                0x000002f0       0x2c c:/freescale/kds_v3/toolchain/bin/../lib/gcc/arm-none-eabi/4.8.4/../../../../arm-none-eabi/lib/armv6-m\libg_s.a(lib_a-nano-mallocr.o)
 .ARM.attributes
                0x0000031c       0x2c c:/freescale/kds_v3/toolchain/bin/../lib/gcc/arm-none-eabi/4.8.4/../../../../arm-none-eabi/lib/armv6-m\libg_s.a(lib_a-sbrkr.o)
 .ARM.attributes
                0x00000348       0x2c c:/freescale/kds_v3/toolchain/bin/../lib/gcc/arm-none-eabi/4.8.4/../../../../arm-none-eabi/lib/armv6-m\libg_s.a(lib_a-reent.o)
 .ARM.attributes
                0x00000374       0x2c c:/freescale/kds_v3/toolchain/bin/../lib/gcc/arm-none-eabi/4.8.4/../../../../arm-none-eabi/lib/armv6-m\libnosys.a(sbrk.o)
 .ARM.attributes
                0x000003a0       0x2c c:/freescale/kds_v3/toolchain/bin/../lib/gcc/arm-none-eabi/4.8.4/../../../../arm-none-eabi/lib/armv6-m\libnosys.a(_exit.o)
 .ARM.attributes
                0x000003cc       0x2c c:/freescale/kds_v3/toolchain/bin/../lib/gcc/arm-none-eabi/4.8.4/armv6-m/crtend.o
 .ARM.attributes
                0x000003f8       0x1e c:/freescale/kds_v3/toolchain/bin/../lib/gcc/arm-none-eabi/4.8.4/armv6-m/crtn.o
                0x00000001                ASSERT ((__StackLimit >= __HeapLimit), region m_data overflowed with stack and heap)
OUTPUT(uart2.elf elf32-littlearm)

.debug_info     0x00000000     0x1916
 .debug_info    0x00000000      0x2d5 ./Sources/circbuf.o
 .debug_info    0x000002d5      0x2e9 ./Sources/conversion.o
 .debug_info    0x000005be      0x287 ./Sources/main.o
 .debug_info    0x00000845      0x2b7 ./Sources/project2.o
 .debug_info    0x00000afc      0x9a9 ./Sources/uart.o
 .debug_info    0x000014a5       0x84 ./Project_Settings/Startup_Code/startup_MKL25Z4.o
 .debug_info    0x00001529      0x3ed ./Project_Settings/Startup_Code/system_MKL25Z4.o

.debug_abbrev   0x00000000      0x73c
 .debug_abbrev  0x00000000      0x126 ./Sources/circbuf.o
 .debug_abbrev  0x00000126       0xe9 ./Sources/conversion.o
 .debug_abbrev  0x0000020f      0x106 ./Sources/main.o
 .debug_abbrev  0x00000315       0xf3 ./Sources/project2.o
 .debug_abbrev  0x00000408      0x217 ./Sources/uart.o
 .debug_abbrev  0x0000061f       0x14 ./Project_Settings/Startup_Code/startup_MKL25Z4.o
 .debug_abbrev  0x00000633      0x109 ./Project_Settings/Startup_Code/system_MKL25Z4.o

.debug_aranges  0x00000000      0x180
 .debug_aranges
                0x00000000       0x50 ./Sources/circbuf.o
 .debug_aranges
                0x00000050       0x38 ./Sources/conversion.o
 .debug_aranges
                0x00000088       0x20 ./Sources/main.o
 .debug_aranges
                0x000000a8       0x20 ./Sources/project2.o
 .debug_aranges
                0x000000c8       0x70 ./Sources/uart.o
 .debug_aranges
                0x00000138       0x20 ./Project_Settings/Startup_Code/startup_MKL25Z4.o
 .debug_aranges
                0x00000158       0x28 ./Project_Settings/Startup_Code/system_MKL25Z4.o

.debug_ranges   0x00000000      0x100
 .debug_ranges  0x00000000       0x40 ./Sources/circbuf.o
 .debug_ranges  0x00000040       0x28 ./Sources/conversion.o
 .debug_ranges  0x00000068       0x10 ./Sources/main.o
 .debug_ranges  0x00000078       0x10 ./Sources/project2.o
 .debug_ranges  0x00000088       0x60 ./Sources/uart.o
 .debug_ranges  0x000000e8       0x18 ./Project_Settings/Startup_Code/system_MKL25Z4.o

.debug_macro    0x00000000     0xa5a9
 .debug_macro   0x00000000      0x133 ./Sources/circbuf.o
 .debug_macro   0x00000133      0x802 ./Sources/circbuf.o
 .debug_macro   0x00000935       0x58 ./Sources/circbuf.o
 .debug_macro   0x0000098d       0x16 ./Sources/circbuf.o
 .debug_macro   0x000009a3       0x35 ./Sources/circbuf.o
 .debug_macro   0x000009d8       0xa3 ./Sources/circbuf.o
 .debug_macro   0x00000a7b       0x16 ./Sources/circbuf.o
 .debug_macro   0x00000a91       0x97 ./Sources/circbuf.o
 .debug_macro   0x00000b28       0x10 ./Sources/circbuf.o
 .debug_macro   0x00000b38       0xef ./Sources/circbuf.o
 .debug_macro   0x00000c27       0x4a ./Sources/circbuf.o
 .debug_macro   0x00000c71       0x52 ./Sources/circbuf.o
 .debug_macro   0x00000cc3       0x16 ./Sources/circbuf.o
 .debug_macro   0x00000cd9       0x43 ./Sources/circbuf.o
 .debug_macro   0x00000d1c      0x180 ./Sources/circbuf.o
 .debug_macro   0x00000e9c       0x10 ./Sources/circbuf.o
 .debug_macro   0x00000eac       0x22 ./Sources/circbuf.o
 .debug_macro   0x00000ece       0xbd ./Sources/circbuf.o
 .debug_macro   0x00000f8b       0x16 ./Sources/circbuf.o
 .debug_macro   0x00000fa1      0x14a ./Sources/circbuf.o
 .debug_macro   0x000010eb      0x20f ./Sources/circbuf.o
 .debug_macro   0x000012fa       0x16 ./Sources/circbuf.o
 .debug_macro   0x00001310       0x35 ./Sources/circbuf.o
 .debug_macro   0x00001345       0x22 ./Sources/circbuf.o
 .debug_macro   0x00001367      0x114 ./Sources/conversion.o
 .debug_macro   0x0000147b       0x44 ./Sources/conversion.o
 .debug_macro   0x000014bf      0x209 ./Sources/conversion.o
 .debug_macro   0x000016c8      0x18a ./Sources/main.o
 .debug_macro   0x00001852      0x10e ./Sources/main.o
 .debug_macro   0x00001960       0x7f ./Sources/main.o
 .debug_macro   0x000019df       0x16 ./Sources/main.o
 .debug_macro   0x000019f5       0x3a ./Sources/main.o
 .debug_macro   0x00001a2f       0x3a ./Sources/main.o
 .debug_macro   0x00001a69       0x26 ./Sources/main.o
 .debug_macro   0x00001a8f      0x306 ./Sources/main.o
 .debug_macro   0x00001d95       0x63 ./Sources/main.o
 .debug_macro   0x00001df8     0x839f ./Sources/main.o
 .debug_macro   0x0000a197       0x1c ./Sources/main.o
 .debug_macro   0x0000a1b3      0x18d ./Sources/project2.o
 .debug_macro   0x0000a340       0x4c ./Sources/project2.o
 .debug_macro   0x0000a38c      0x19f ./Sources/uart.o
 .debug_macro   0x0000a52b       0x7e ./Project_Settings/Startup_Code/system_MKL25Z4.o

.debug_line     0x00000000     0x1218
 .debug_line    0x00000000      0x2df ./Sources/circbuf.o
 .debug_line    0x000002df      0x2e5 ./Sources/conversion.o
 .debug_line    0x000005c4      0x2af ./Sources/main.o
 .debug_line    0x00000873      0x2f9 ./Sources/project2.o
 .debug_line    0x00000b6c      0x3f1 ./Sources/uart.o
 .debug_line    0x00000f5d       0x7b ./Project_Settings/Startup_Code/startup_MKL25Z4.o
 .debug_line    0x00000fd8      0x240 ./Project_Settings/Startup_Code/system_MKL25Z4.o

.debug_str      0x00000000    0x34106
 .debug_str     0x00000000     0x4d43 ./Sources/circbuf.o
                               0x4f2e (size before relaxing)
 .debug_str     0x00004d43       0xda ./Sources/conversion.o
                               0x4e54 (size before relaxing)
 .debug_str     0x00004e1d    0x2ed83 ./Sources/main.o
                              0x33ee8 (size before relaxing)
 .debug_str     0x00033ba0       0x8d ./Sources/project2.o
                              0x33f65 (size before relaxing)
 .debug_str     0x00033c2d      0x442 ./Sources/uart.o
                              0x34348 (size before relaxing)
 .debug_str     0x0003406f       0x97 ./Project_Settings/Startup_Code/system_MKL25Z4.o
                              0x31f02 (size before relaxing)

.comment        0x00000000       0x70
 .comment       0x00000000       0x70 ./Sources/circbuf.o
                                 0x71 (size before relaxing)
 .comment       0x00000000       0x71 ./Sources/conversion.o
 .comment       0x00000000       0x71 ./Sources/main.o
 .comment       0x00000000       0x71 ./Sources/project2.o
 .comment       0x00000000       0x71 ./Sources/uart.o
 .comment       0x00000000       0x71 ./Project_Settings/Startup_Code/system_MKL25Z4.o

.debug_frame    0x00000000      0x57c
 .debug_frame   0x00000000       0xf0 ./Sources/circbuf.o
 .debug_frame   0x000000f0       0x90 ./Sources/conversion.o
 .debug_frame   0x00000180       0x30 ./Sources/main.o
 .debug_frame   0x000001b0       0x30 ./Sources/project2.o
 .debug_frame   0x000001e0      0x170 ./Sources/uart.o
 .debug_frame   0x00000350       0x4c ./Project_Settings/Startup_Code/system_MKL25Z4.o
 .debug_frame   0x0000039c       0x20 c:/freescale/kds_v3/toolchain/bin/../lib/gcc/arm-none-eabi/4.8.4/armv6-m\libgcc.a(_udivsi3.o)
 .debug_frame   0x000003bc       0x28 c:/freescale/kds_v3/toolchain/bin/../lib/gcc/arm-none-eabi/4.8.4/../../../../arm-none-eabi/lib/armv6-m\libg_s.a(lib_a-exit.o)
 .debug_frame   0x000003e4       0x2c c:/freescale/kds_v3/toolchain/bin/../lib/gcc/arm-none-eabi/4.8.4/../../../../arm-none-eabi/lib/armv6-m\libg_s.a(lib_a-init.o)
 .debug_frame   0x00000410       0x40 c:/freescale/kds_v3/toolchain/bin/../lib/gcc/arm-none-eabi/4.8.4/../../../../arm-none-eabi/lib/armv6-m\libg_s.a(lib_a-malloc.o)
 .debug_frame   0x00000450       0x20 c:/freescale/kds_v3/toolchain/bin/../lib/gcc/arm-none-eabi/4.8.4/../../../../arm-none-eabi/lib/armv6-m\libg_s.a(lib_a-memset.o)
 .debug_frame   0x00000470       0x2c c:/freescale/kds_v3/toolchain/bin/../lib/gcc/arm-none-eabi/4.8.4/../../../../arm-none-eabi/lib/armv6-m\libg_s.a(lib_a-nano-freer.o)
 .debug_frame   0x0000049c       0x2c c:/freescale/kds_v3/toolchain/bin/../lib/gcc/arm-none-eabi/4.8.4/../../../../arm-none-eabi/lib/armv6-m\libg_s.a(lib_a-nano-mallocr.o)
 .debug_frame   0x000004c8       0x2c c:/freescale/kds_v3/toolchain/bin/../lib/gcc/arm-none-eabi/4.8.4/../../../../arm-none-eabi/lib/armv6-m\libg_s.a(lib_a-sbrkr.o)
 .debug_frame   0x000004f4       0x48 c:/freescale/kds_v3/toolchain/bin/../lib/gcc/arm-none-eabi/4.8.4/../../../../arm-none-eabi/lib/armv6-m\libg_s.a(lib_a-reent.o)
 .debug_frame   0x0000053c       0x20 c:/freescale/kds_v3/toolchain/bin/../lib/gcc/arm-none-eabi/4.8.4/../../../../arm-none-eabi/lib/armv6-m\libnosys.a(sbrk.o)
 .debug_frame   0x0000055c       0x20 c:/freescale/kds_v3/toolchain/bin/../lib/gcc/arm-none-eabi/4.8.4/../../../../arm-none-eabi/lib/armv6-m\libnosys.a(_exit.o)
