Archive member included because of file (symbol)

C:/Freescale/CW MCU v10.3/MCU/ARM_GCC_Support/ewl/lib/armv6-m\libc.a(exit.o)
                              ./Project_Settings/Startup_Code/__arm_start_c.obj (exit)
C:/Freescale/CW MCU v10.3/MCU/ARM_GCC_Support/ewl/lib/armv6-m\libc.a(memset.o)
                              ./Project_Settings/Startup_Code/__arm_start_c.obj (memset)
C:/Freescale/CW MCU v10.3/MCU/ARM_GCC_Support/ewl/lib/armv6-m\libc.a(printformat_.o)
                              (__pformatter_)
C:/Freescale/CW MCU v10.3/MCU/ARM_GCC_Support/ewl/lib/armv6-m\libc.a(scanformat_.o)
                              (__sformatter)
C:/Freescale/CW MCU v10.3/MCU/ARM_GCC_Support/ewl/lib/armv6-m\libc.a(ctype_aeabi.o)
                              C:/Freescale/CW MCU v10.3/MCU/ARM_GCC_Support/ewl/lib/armv6-m\libc.a(scanformat_.o) (isspace)
C:/Freescale/CW MCU v10.3/MCU/ARM_GCC_Support/ewl/lib/armv6-m\libc.a(__strtoul.o)
                              C:/Freescale/CW MCU v10.3/MCU/ARM_GCC_Support/ewl/lib/armv6-m\libc.a(scanformat_.o) (__strtoul)
C:/Freescale/CW MCU v10.3/MCU/ARM_GCC_Support/ewl/lib/armv6-m\libc.a(__filll_mem.o)
                              C:/Freescale/CW MCU v10.3/MCU/ARM_GCC_Support/ewl/lib/armv6-m\libc.a(memset.o) (__fill_mem)
C:/Freescale/CW MCU v10.3/MCU/ARM_GCC_Support/ewl/lib/armv6-m\libc.a(memchr.o)
                              C:/Freescale/CW MCU v10.3/MCU/ARM_GCC_Support/ewl/lib/armv6-m\libc.a(printformat_.o) (memchr)
C:/Freescale/CW MCU v10.3/MCU/ARM_GCC_Support/ewl/lib/armv6-m\libc.a(strchr.o)
                              C:/Freescale/CW MCU v10.3/MCU/ARM_GCC_Support/ewl/lib/armv6-m\libc.a(printformat_.o) (strchr)
C:/Freescale/CW MCU v10.3/MCU/ARM_GCC_Support/ewl/lib/armv6-m\libc.a(strlen.o)
                              C:/Freescale/CW MCU v10.3/MCU/ARM_GCC_Support/ewl/lib/armv6-m\libc.a(printformat_.o) (strlen)
c:/freescale/cw mcu v10.3/cross_tools/arm-none-eabi-gcc-4_6_2/bin/../lib/gcc/arm-none-eabi/4.6.2/armv6-m\libgcc.a(_thumb1_case_uqi.o)
                              C:/Freescale/CW MCU v10.3/MCU/ARM_GCC_Support/ewl/lib/armv6-m\libc.a(scanformat_.o) (__gnu_thumb1_case_uqi)
c:/freescale/cw mcu v10.3/cross_tools/arm-none-eabi-gcc-4_6_2/bin/../lib/gcc/arm-none-eabi/4.6.2/armv6-m\libgcc.a(_udivsi3.o)
                              ./Sources/mcg_c.obj (__aeabi_uidiv)
c:/freescale/cw mcu v10.3/cross_tools/arm-none-eabi-gcc-4_6_2/bin/../lib/gcc/arm-none-eabi/4.6.2/armv6-m\libgcc.a(_divsi3.o)
                              ./Sources/mcg_c.obj (__aeabi_idiv)
c:/freescale/cw mcu v10.3/cross_tools/arm-none-eabi-gcc-4_6_2/bin/../lib/gcc/arm-none-eabi/4.6.2/armv6-m\libgcc.a(_dvmd_tls.o)
                              c:/freescale/cw mcu v10.3/cross_tools/arm-none-eabi-gcc-4_6_2/bin/../lib/gcc/arm-none-eabi/4.6.2/armv6-m\libgcc.a(_udivsi3.o) (__aeabi_idiv0)
c:/freescale/cw mcu v10.3/cross_tools/arm-none-eabi-gcc-4_6_2/bin/../lib/gcc/arm-none-eabi/4.6.2/armv6-m\libgcc.a(_fixunssfsi.o)
                              ./Sources/mcg_c.obj (__aeabi_f2uiz)
c:/freescale/cw mcu v10.3/cross_tools/arm-none-eabi-gcc-4_6_2/bin/../lib/gcc/arm-none-eabi/4.6.2/armv6-m\libgcc.a(divsf3.o)
                              ./Sources/mcg_c.obj (__aeabi_fdiv)
c:/freescale/cw mcu v10.3/cross_tools/arm-none-eabi-gcc-4_6_2/bin/../lib/gcc/arm-none-eabi/4.6.2/armv6-m\libgcc.a(mulsf3.o)
                              ./Sources/mcg_c.obj (__aeabi_fmul)
c:/freescale/cw mcu v10.3/cross_tools/arm-none-eabi-gcc-4_6_2/bin/../lib/gcc/arm-none-eabi/4.6.2/armv6-m\libgcc.a(subsf3.o)
                              c:/freescale/cw mcu v10.3/cross_tools/arm-none-eabi-gcc-4_6_2/bin/../lib/gcc/arm-none-eabi/4.6.2/armv6-m\libgcc.a(_fixunssfsi.o) (__aeabi_fsub)
c:/freescale/cw mcu v10.3/cross_tools/arm-none-eabi-gcc-4_6_2/bin/../lib/gcc/arm-none-eabi/4.6.2/armv6-m\libgcc.a(fixsfsi.o)
                              c:/freescale/cw mcu v10.3/cross_tools/arm-none-eabi-gcc-4_6_2/bin/../lib/gcc/arm-none-eabi/4.6.2/armv6-m\libgcc.a(_fixunssfsi.o) (__aeabi_f2iz)
c:/freescale/cw mcu v10.3/cross_tools/arm-none-eabi-gcc-4_6_2/bin/../lib/gcc/arm-none-eabi/4.6.2/armv6-m\libgcc.a(floatsisf.o)
                              ./Sources/mcg_c.obj (__aeabi_i2f)
c:/freescale/cw mcu v10.3/cross_tools/arm-none-eabi-gcc-4_6_2/bin/../lib/gcc/arm-none-eabi/4.6.2/armv6-m\libgcc.a(_arm_cmpsf2.o)
                              c:/freescale/cw mcu v10.3/cross_tools/arm-none-eabi-gcc-4_6_2/bin/../lib/gcc/arm-none-eabi/4.6.2/armv6-m\libgcc.a(_fixunssfsi.o) (__aeabi_fcmpge)
c:/freescale/cw mcu v10.3/cross_tools/arm-none-eabi-gcc-4_6_2/bin/../lib/gcc/arm-none-eabi/4.6.2/armv6-m\libgcc.a(_clzsi2.o)
                              c:/freescale/cw mcu v10.3/cross_tools/arm-none-eabi-gcc-4_6_2/bin/../lib/gcc/arm-none-eabi/4.6.2/armv6-m\libgcc.a(divsf3.o) (__clzsi2)
c:/freescale/cw mcu v10.3/cross_tools/arm-none-eabi-gcc-4_6_2/bin/../lib/gcc/arm-none-eabi/4.6.2/armv6-m\libgcc.a(eqsf2.o)
                              c:/freescale/cw mcu v10.3/cross_tools/arm-none-eabi-gcc-4_6_2/bin/../lib/gcc/arm-none-eabi/4.6.2/armv6-m\libgcc.a(_arm_cmpsf2.o) (__eqsf2)
c:/freescale/cw mcu v10.3/cross_tools/arm-none-eabi-gcc-4_6_2/bin/../lib/gcc/arm-none-eabi/4.6.2/armv6-m\libgcc.a(gesf2.o)
                              c:/freescale/cw mcu v10.3/cross_tools/arm-none-eabi-gcc-4_6_2/bin/../lib/gcc/arm-none-eabi/4.6.2/armv6-m\libgcc.a(_arm_cmpsf2.o) (__gesf2)
c:/freescale/cw mcu v10.3/cross_tools/arm-none-eabi-gcc-4_6_2/bin/../lib/gcc/arm-none-eabi/4.6.2/armv6-m\libgcc.a(lesf2.o)
                              c:/freescale/cw mcu v10.3/cross_tools/arm-none-eabi-gcc-4_6_2/bin/../lib/gcc/arm-none-eabi/4.6.2/armv6-m\libgcc.a(_arm_cmpsf2.o) (__lesf2)
C:/Freescale/CW MCU v10.3/MCU/ARM_GCC_Support/ewl/lib/armv6-m\librt.a(gcc_ctor_dtor.o)
                              ./Project_Settings/Startup_Code/__arm_start_c.obj (__init_cpp)
C:/Freescale/CW MCU v10.3/MCU/ARM_GCC_Support/ewl/lib/armv6-m\librt.a(ROMCopy.o)
                              ./Project_Settings/Startup_Code/__arm_start_c.obj (__copy_rom_sections_to_ram)
C:/Freescale/CW MCU v10.3/MCU/ARM_GCC_Support/ewl/lib/armv6-m\librt.a(__arm_eabi_init.o)
                              C:/Freescale/CW MCU v10.3/MCU/ARM_GCC_Support/ewl/lib/armv6-m\libc.a(exit.o) (__destroy_global_chain)

Allocating common symbols
Common symbol       size              file

Ticker              0x10              ./Sources/Systick_c.obj
drs_val             0x1               ./Sources/mcg_c.obj
dmx32_val           0x1               ./Sources/mcg_c.obj

Discarded input sections

 .text          0x00000000        0x0 ./Sources/Freedom_c.obj
 .data          0x00000000        0x0 ./Sources/Freedom_c.obj
 .bss           0x00000000        0x0 ./Sources/Freedom_c.obj
 .text          0x00000000        0x0 ./Sources/Systick_c.obj
 .data          0x00000000        0x0 ./Sources/Systick_c.obj
 .bss           0x00000000        0x0 ./Sources/Systick_c.obj
 .text.Delay_mS
                0x00000000       0x24 ./Sources/Systick_c.obj
 .text          0x00000000        0x0 ./Sources/TPM1_c.obj
 .data          0x00000000        0x0 ./Sources/TPM1_c.obj
 .bss           0x00000000        0x0 ./Sources/TPM1_c.obj
 .text          0x00000000        0x0 ./Sources/arm_cm0_c.obj
 .data          0x00000000        0x0 ./Sources/arm_cm0_c.obj
 .bss           0x00000000        0x0 ./Sources/arm_cm0_c.obj
 .text.stop     0x00000000       0x24 ./Sources/arm_cm0_c.obj
 .text.wait     0x00000000       0x28 ./Sources/arm_cm0_c.obj
 .text.write_vtor
                0x00000000       0x20 ./Sources/arm_cm0_c.obj
 .text.disable_irq
                0x00000000       0x40 ./Sources/arm_cm0_c.obj
 .text.set_irq_priority
                0x00000000       0x74 ./Sources/arm_cm0_c.obj
 .text          0x00000000        0x0 ./Sources/main_c.obj
 .data          0x00000000        0x0 ./Sources/main_c.obj
 .bss           0x00000000        0x0 ./Sources/main_c.obj
 .text          0x00000000        0x0 ./Sources/mcg_c.obj
 .data          0x00000000        0x0 ./Sources/mcg_c.obj
 .bss           0x00000000        0x0 ./Sources/mcg_c.obj
 .text.new_pll_freq
                0x00000000      0x30c ./Sources/mcg_c.obj
 .text.pee_pbe  0x00000000       0xb0 ./Sources/mcg_c.obj
 .text.pbe_pee  0x00000000      0x144 ./Sources/mcg_c.obj
 .text.pbe_fbe  0x00000000       0xb4 ./Sources/mcg_c.obj
 .text.fbe_pbe  0x00000000      0x220 ./Sources/mcg_c.obj
 .text.pbe_blpe
                0x00000000       0x68 ./Sources/mcg_c.obj
 .text.blpe_pbe
                0x00000000      0x1ec ./Sources/mcg_c.obj
 .text.blpe_fbe
                0x00000000       0xb8 ./Sources/mcg_c.obj
 .text.fbe_blpe
                0x00000000       0x68 ./Sources/mcg_c.obj
 .text.fbe_fei  0x00000000      0x168 ./Sources/mcg_c.obj
 .text.fei_fbe  0x00000000      0x31c ./Sources/mcg_c.obj
 .text.fbe_fee  0x00000000      0x138 ./Sources/mcg_c.obj
 .text.fee_fbe  0x00000000       0xb0 ./Sources/mcg_c.obj
 .text.fbe_fbi  0x00000000      0x280 ./Sources/mcg_c.obj
 .text.fbi_fbe  0x00000000      0x32c ./Sources/mcg_c.obj
 .text.fbi_blpi
                0x00000000       0xa0 ./Sources/mcg_c.obj
 .text.blpi_fbi
                0x00000000       0xa0 ./Sources/mcg_c.obj
 .text.fbi_fee  0x00000000      0x380 ./Sources/mcg_c.obj
 .text.fee_fbi  0x00000000      0x24c ./Sources/mcg_c.obj
 .text.fbi_fei  0x00000000      0x164 ./Sources/mcg_c.obj
 .text.fei_fbi  0x00000000      0x218 ./Sources/mcg_c.obj
 .text.fei_fee  0x00000000      0x2fc ./Sources/mcg_c.obj
 .text.fee_fei  0x00000000       0xe8 ./Sources/mcg_c.obj
 .text.atc      0x00000000      0x2ac ./Sources/mcg_c.obj
 .text.fll_freq
                0x00000000      0x1d8 ./Sources/mcg_c.obj
 .text.what_mcg_mode
                0x00000000      0x1d4 ./Sources/mcg_c.obj
 .text.clk_monitor_0
                0x00000000       0x40 ./Sources/mcg_c.obj
 .text.chk_for_resistor
                0x00000000      0x130 ./Sources/mcg_c.obj
 COMMON         0x00000000        0x2 ./Sources/mcg_c.obj
 .text          0x00000000        0x0 ./Sources/sa_mtb_c.obj
 .data          0x00000000        0x0 ./Sources/sa_mtb_c.obj
 .bss           0x00000000        0x0 ./Sources/sa_mtb_c.obj
 .debug_info    0x00000000       0x29 ./Sources/sa_mtb_c.obj
 .debug_abbrev  0x00000000       0x16 ./Sources/sa_mtb_c.obj
 .debug_line    0x00000000       0xaa ./Sources/sa_mtb_c.obj
 .debug_macinfo
                0x00000000     0x22e5 ./Sources/sa_mtb_c.obj
 .debug_str     0x00000000       0xac ./Sources/sa_mtb_c.obj
 .comment       0x00000000       0x7a ./Sources/sa_mtb_c.obj
 .ARM.attributes
                0x00000000       0x31 ./Sources/sa_mtb_c.obj
 .text          0x00000000        0x0 ./Project_Settings/Startup_Code/__arm_end_c.obj
 .data          0x00000000        0x0 ./Project_Settings/Startup_Code/__arm_end_c.obj
 .bss           0x00000000        0x0 ./Project_Settings/Startup_Code/__arm_end_c.obj
 .text          0x00000000        0x0 ./Project_Settings/Startup_Code/__arm_start_c.obj
 .data          0x00000000        0x0 ./Project_Settings/Startup_Code/__arm_start_c.obj
 .bss           0x00000000        0x0 ./Project_Settings/Startup_Code/__arm_start_c.obj
 .text.__iar_program_start
                0x00000000        0x4 ./Project_Settings/Startup_Code/__arm_start_c.obj
 .text          0x00000000        0x0 ./Project_Settings/Startup_Code/kinetis_sysinit_c.obj
 .data          0x00000000        0x0 ./Project_Settings/Startup_Code/kinetis_sysinit_c.obj
 .bss           0x00000000        0x0 ./Project_Settings/Startup_Code/kinetis_sysinit_c.obj
 .text          0x00000000        0x0 C:/Freescale/CW MCU v10.3/MCU/ARM_GCC_Support/ewl/lib/armv6-m\libc.a(exit.o)
 .data          0x00000000        0x0 C:/Freescale/CW MCU v10.3/MCU/ARM_GCC_Support/ewl/lib/armv6-m\libc.a(exit.o)
 .bss           0x00000000        0x0 C:/Freescale/CW MCU v10.3/MCU/ARM_GCC_Support/ewl/lib/armv6-m\libc.a(exit.o)
 .text          0x00000000        0x0 C:/Freescale/CW MCU v10.3/MCU/ARM_GCC_Support/ewl/lib/armv6-m\libc.a(memset.o)
 .data          0x00000000        0x0 C:/Freescale/CW MCU v10.3/MCU/ARM_GCC_Support/ewl/lib/armv6-m\libc.a(memset.o)
 .bss           0x00000000        0x0 C:/Freescale/CW MCU v10.3/MCU/ARM_GCC_Support/ewl/lib/armv6-m\libc.a(memset.o)
 .text          0x00000000        0x0 C:/Freescale/CW MCU v10.3/MCU/ARM_GCC_Support/ewl/lib/armv6-m\libc.a(printformat_.o)
 .data          0x00000000        0x0 C:/Freescale/CW MCU v10.3/MCU/ARM_GCC_Support/ewl/lib/armv6-m\libc.a(printformat_.o)
 .bss           0x00000000        0x0 C:/Freescale/CW MCU v10.3/MCU/ARM_GCC_Support/ewl/lib/armv6-m\libc.a(printformat_.o)
 .text          0x00000000        0x0 C:/Freescale/CW MCU v10.3/MCU/ARM_GCC_Support/ewl/lib/armv6-m\libc.a(scanformat_.o)
 .data          0x00000000        0x0 C:/Freescale/CW MCU v10.3/MCU/ARM_GCC_Support/ewl/lib/armv6-m\libc.a(scanformat_.o)
 .bss           0x00000000        0x0 C:/Freescale/CW MCU v10.3/MCU/ARM_GCC_Support/ewl/lib/armv6-m\libc.a(scanformat_.o)
 .text          0x00000000        0x0 C:/Freescale/CW MCU v10.3/MCU/ARM_GCC_Support/ewl/lib/armv6-m\libc.a(ctype_aeabi.o)
 .data          0x00000000        0x0 C:/Freescale/CW MCU v10.3/MCU/ARM_GCC_Support/ewl/lib/armv6-m\libc.a(ctype_aeabi.o)
 .bss           0x00000000        0x0 C:/Freescale/CW MCU v10.3/MCU/ARM_GCC_Support/ewl/lib/armv6-m\libc.a(ctype_aeabi.o)
 .text.isalnum  0x00000000       0x1c C:/Freescale/CW MCU v10.3/MCU/ARM_GCC_Support/ewl/lib/armv6-m\libc.a(ctype_aeabi.o)
 .text.iscntrl  0x00000000       0x20 C:/Freescale/CW MCU v10.3/MCU/ARM_GCC_Support/ewl/lib/armv6-m\libc.a(ctype_aeabi.o)
 .text.isdigit  0x00000000        0xe C:/Freescale/CW MCU v10.3/MCU/ARM_GCC_Support/ewl/lib/armv6-m\libc.a(ctype_aeabi.o)
 .text.isgraph  0x00000000       0x1c C:/Freescale/CW MCU v10.3/MCU/ARM_GCC_Support/ewl/lib/armv6-m\libc.a(ctype_aeabi.o)
 .text.islower  0x00000000       0x20 C:/Freescale/CW MCU v10.3/MCU/ARM_GCC_Support/ewl/lib/armv6-m\libc.a(ctype_aeabi.o)
 .text.isprint  0x00000000       0x1c C:/Freescale/CW MCU v10.3/MCU/ARM_GCC_Support/ewl/lib/armv6-m\libc.a(ctype_aeabi.o)
 .text.ispunct  0x00000000       0x20 C:/Freescale/CW MCU v10.3/MCU/ARM_GCC_Support/ewl/lib/armv6-m\libc.a(ctype_aeabi.o)
 .text.isupper  0x00000000       0x20 C:/Freescale/CW MCU v10.3/MCU/ARM_GCC_Support/ewl/lib/armv6-m\libc.a(ctype_aeabi.o)
 .text.isxdigit
                0x00000000       0x20 C:/Freescale/CW MCU v10.3/MCU/ARM_GCC_Support/ewl/lib/armv6-m\libc.a(ctype_aeabi.o)
 .text.isblank  0x00000000       0x24 C:/Freescale/CW MCU v10.3/MCU/ARM_GCC_Support/ewl/lib/armv6-m\libc.a(ctype_aeabi.o)
 .text.tolower  0x00000000        0xe C:/Freescale/CW MCU v10.3/MCU/ARM_GCC_Support/ewl/lib/armv6-m\libc.a(ctype_aeabi.o)
 .text          0x00000000        0x0 C:/Freescale/CW MCU v10.3/MCU/ARM_GCC_Support/ewl/lib/armv6-m\libc.a(__strtoul.o)
 .data          0x00000000        0x0 C:/Freescale/CW MCU v10.3/MCU/ARM_GCC_Support/ewl/lib/armv6-m\libc.a(__strtoul.o)
 .bss           0x00000000        0x0 C:/Freescale/CW MCU v10.3/MCU/ARM_GCC_Support/ewl/lib/armv6-m\libc.a(__strtoul.o)
 .text          0x00000000        0x0 C:/Freescale/CW MCU v10.3/MCU/ARM_GCC_Support/ewl/lib/armv6-m\libc.a(__filll_mem.o)
 .data          0x00000000        0x0 C:/Freescale/CW MCU v10.3/MCU/ARM_GCC_Support/ewl/lib/armv6-m\libc.a(__filll_mem.o)
 .bss           0x00000000        0x0 C:/Freescale/CW MCU v10.3/MCU/ARM_GCC_Support/ewl/lib/armv6-m\libc.a(__filll_mem.o)
 .text          0x00000000        0x0 C:/Freescale/CW MCU v10.3/MCU/ARM_GCC_Support/ewl/lib/armv6-m\libc.a(memchr.o)
 .data          0x00000000        0x0 C:/Freescale/CW MCU v10.3/MCU/ARM_GCC_Support/ewl/lib/armv6-m\libc.a(memchr.o)
 .bss           0x00000000        0x0 C:/Freescale/CW MCU v10.3/MCU/ARM_GCC_Support/ewl/lib/armv6-m\libc.a(memchr.o)
 .text          0x00000000        0x0 C:/Freescale/CW MCU v10.3/MCU/ARM_GCC_Support/ewl/lib/armv6-m\libc.a(strchr.o)
 .data          0x00000000        0x0 C:/Freescale/CW MCU v10.3/MCU/ARM_GCC_Support/ewl/lib/armv6-m\libc.a(strchr.o)
 .bss           0x00000000        0x0 C:/Freescale/CW MCU v10.3/MCU/ARM_GCC_Support/ewl/lib/armv6-m\libc.a(strchr.o)
 .text          0x00000000        0x0 C:/Freescale/CW MCU v10.3/MCU/ARM_GCC_Support/ewl/lib/armv6-m\libc.a(strlen.o)
 .data          0x00000000        0x0 C:/Freescale/CW MCU v10.3/MCU/ARM_GCC_Support/ewl/lib/armv6-m\libc.a(strlen.o)
 .bss           0x00000000        0x0 C:/Freescale/CW MCU v10.3/MCU/ARM_GCC_Support/ewl/lib/armv6-m\libc.a(strlen.o)
 .data          0x00000000        0x0 c:/freescale/cw mcu v10.3/cross_tools/arm-none-eabi-gcc-4_6_2/bin/../lib/gcc/arm-none-eabi/4.6.2/armv6-m\libgcc.a(_thumb1_case_uqi.o)
 .bss           0x00000000        0x0 c:/freescale/cw mcu v10.3/cross_tools/arm-none-eabi-gcc-4_6_2/bin/../lib/gcc/arm-none-eabi/4.6.2/armv6-m\libgcc.a(_thumb1_case_uqi.o)
 .data          0x00000000        0x0 c:/freescale/cw mcu v10.3/cross_tools/arm-none-eabi-gcc-4_6_2/bin/../lib/gcc/arm-none-eabi/4.6.2/armv6-m\libgcc.a(_udivsi3.o)
 .bss           0x00000000        0x0 c:/freescale/cw mcu v10.3/cross_tools/arm-none-eabi-gcc-4_6_2/bin/../lib/gcc/arm-none-eabi/4.6.2/armv6-m\libgcc.a(_udivsi3.o)
 .data          0x00000000        0x0 c:/freescale/cw mcu v10.3/cross_tools/arm-none-eabi-gcc-4_6_2/bin/../lib/gcc/arm-none-eabi/4.6.2/armv6-m\libgcc.a(_divsi3.o)
 .bss           0x00000000        0x0 c:/freescale/cw mcu v10.3/cross_tools/arm-none-eabi-gcc-4_6_2/bin/../lib/gcc/arm-none-eabi/4.6.2/armv6-m\libgcc.a(_divsi3.o)
 .data          0x00000000        0x0 c:/freescale/cw mcu v10.3/cross_tools/arm-none-eabi-gcc-4_6_2/bin/../lib/gcc/arm-none-eabi/4.6.2/armv6-m\libgcc.a(_dvmd_tls.o)
 .bss           0x00000000        0x0 c:/freescale/cw mcu v10.3/cross_tools/arm-none-eabi-gcc-4_6_2/bin/../lib/gcc/arm-none-eabi/4.6.2/armv6-m\libgcc.a(_dvmd_tls.o)
 .text          0x00000000       0x30 c:/freescale/cw mcu v10.3/cross_tools/arm-none-eabi-gcc-4_6_2/bin/../lib/gcc/arm-none-eabi/4.6.2/armv6-m\libgcc.a(_fixunssfsi.o)
 .data          0x00000000        0x0 c:/freescale/cw mcu v10.3/cross_tools/arm-none-eabi-gcc-4_6_2/bin/../lib/gcc/arm-none-eabi/4.6.2/armv6-m\libgcc.a(_fixunssfsi.o)
 .bss           0x00000000        0x0 c:/freescale/cw mcu v10.3/cross_tools/arm-none-eabi-gcc-4_6_2/bin/../lib/gcc/arm-none-eabi/4.6.2/armv6-m\libgcc.a(_fixunssfsi.o)
 .ARM.attributes
                0x00000000       0x2c c:/freescale/cw mcu v10.3/cross_tools/arm-none-eabi-gcc-4_6_2/bin/../lib/gcc/arm-none-eabi/4.6.2/armv6-m\libgcc.a(_fixunssfsi.o)
 .debug_frame   0x00000000       0x28 c:/freescale/cw mcu v10.3/cross_tools/arm-none-eabi-gcc-4_6_2/bin/../lib/gcc/arm-none-eabi/4.6.2/armv6-m\libgcc.a(_fixunssfsi.o)
 .text          0x00000000      0x28c c:/freescale/cw mcu v10.3/cross_tools/arm-none-eabi-gcc-4_6_2/bin/../lib/gcc/arm-none-eabi/4.6.2/armv6-m\libgcc.a(divsf3.o)
 .data          0x00000000        0x0 c:/freescale/cw mcu v10.3/cross_tools/arm-none-eabi-gcc-4_6_2/bin/../lib/gcc/arm-none-eabi/4.6.2/armv6-m\libgcc.a(divsf3.o)
 .bss           0x00000000        0x0 c:/freescale/cw mcu v10.3/cross_tools/arm-none-eabi-gcc-4_6_2/bin/../lib/gcc/arm-none-eabi/4.6.2/armv6-m\libgcc.a(divsf3.o)
 .rodata        0x00000000       0x40 c:/freescale/cw mcu v10.3/cross_tools/arm-none-eabi-gcc-4_6_2/bin/../lib/gcc/arm-none-eabi/4.6.2/armv6-m\libgcc.a(divsf3.o)
 .ARM.extab     0x00000000        0x0 c:/freescale/cw mcu v10.3/cross_tools/arm-none-eabi-gcc-4_6_2/bin/../lib/gcc/arm-none-eabi/4.6.2/armv6-m\libgcc.a(divsf3.o)
 .ARM.exidx     0x00000000        0x8 c:/freescale/cw mcu v10.3/cross_tools/arm-none-eabi-gcc-4_6_2/bin/../lib/gcc/arm-none-eabi/4.6.2/armv6-m\libgcc.a(divsf3.o)
 .ARM.attributes
                0x00000000       0x2c c:/freescale/cw mcu v10.3/cross_tools/arm-none-eabi-gcc-4_6_2/bin/../lib/gcc/arm-none-eabi/4.6.2/armv6-m\libgcc.a(divsf3.o)
 .debug_frame   0x00000000       0x3c c:/freescale/cw mcu v10.3/cross_tools/arm-none-eabi-gcc-4_6_2/bin/../lib/gcc/arm-none-eabi/4.6.2/armv6-m\libgcc.a(divsf3.o)
 .text          0x00000000      0x228 c:/freescale/cw mcu v10.3/cross_tools/arm-none-eabi-gcc-4_6_2/bin/../lib/gcc/arm-none-eabi/4.6.2/armv6-m\libgcc.a(mulsf3.o)
 .data          0x00000000        0x0 c:/freescale/cw mcu v10.3/cross_tools/arm-none-eabi-gcc-4_6_2/bin/../lib/gcc/arm-none-eabi/4.6.2/armv6-m\libgcc.a(mulsf3.o)
 .bss           0x00000000        0x0 c:/freescale/cw mcu v10.3/cross_tools/arm-none-eabi-gcc-4_6_2/bin/../lib/gcc/arm-none-eabi/4.6.2/armv6-m\libgcc.a(mulsf3.o)
 .rodata        0x00000000       0x40 c:/freescale/cw mcu v10.3/cross_tools/arm-none-eabi-gcc-4_6_2/bin/../lib/gcc/arm-none-eabi/4.6.2/armv6-m\libgcc.a(mulsf3.o)
 .ARM.extab     0x00000000        0x0 c:/freescale/cw mcu v10.3/cross_tools/arm-none-eabi-gcc-4_6_2/bin/../lib/gcc/arm-none-eabi/4.6.2/armv6-m\libgcc.a(mulsf3.o)
 .ARM.exidx     0x00000000        0x8 c:/freescale/cw mcu v10.3/cross_tools/arm-none-eabi-gcc-4_6_2/bin/../lib/gcc/arm-none-eabi/4.6.2/armv6-m\libgcc.a(mulsf3.o)
 .ARM.attributes
                0x00000000       0x2c c:/freescale/cw mcu v10.3/cross_tools/arm-none-eabi-gcc-4_6_2/bin/../lib/gcc/arm-none-eabi/4.6.2/armv6-m\libgcc.a(mulsf3.o)
 .debug_frame   0x00000000       0x3c c:/freescale/cw mcu v10.3/cross_tools/arm-none-eabi-gcc-4_6_2/bin/../lib/gcc/arm-none-eabi/4.6.2/armv6-m\libgcc.a(mulsf3.o)
 .text          0x00000000      0x394 c:/freescale/cw mcu v10.3/cross_tools/arm-none-eabi-gcc-4_6_2/bin/../lib/gcc/arm-none-eabi/4.6.2/armv6-m\libgcc.a(subsf3.o)
 .data          0x00000000        0x0 c:/freescale/cw mcu v10.3/cross_tools/arm-none-eabi-gcc-4_6_2/bin/../lib/gcc/arm-none-eabi/4.6.2/armv6-m\libgcc.a(subsf3.o)
 .bss           0x00000000        0x0 c:/freescale/cw mcu v10.3/cross_tools/arm-none-eabi-gcc-4_6_2/bin/../lib/gcc/arm-none-eabi/4.6.2/armv6-m\libgcc.a(subsf3.o)
 .ARM.extab     0x00000000        0x0 c:/freescale/cw mcu v10.3/cross_tools/arm-none-eabi-gcc-4_6_2/bin/../lib/gcc/arm-none-eabi/4.6.2/armv6-m\libgcc.a(subsf3.o)
 .ARM.exidx     0x00000000        0x8 c:/freescale/cw mcu v10.3/cross_tools/arm-none-eabi-gcc-4_6_2/bin/../lib/gcc/arm-none-eabi/4.6.2/armv6-m\libgcc.a(subsf3.o)
 .ARM.attributes
                0x00000000       0x2c c:/freescale/cw mcu v10.3/cross_tools/arm-none-eabi-gcc-4_6_2/bin/../lib/gcc/arm-none-eabi/4.6.2/armv6-m\libgcc.a(subsf3.o)
 .debug_frame   0x00000000       0x30 c:/freescale/cw mcu v10.3/cross_tools/arm-none-eabi-gcc-4_6_2/bin/../lib/gcc/arm-none-eabi/4.6.2/armv6-m\libgcc.a(subsf3.o)
 .text          0x00000000       0x40 c:/freescale/cw mcu v10.3/cross_tools/arm-none-eabi-gcc-4_6_2/bin/../lib/gcc/arm-none-eabi/4.6.2/armv6-m\libgcc.a(fixsfsi.o)
 .data          0x00000000        0x0 c:/freescale/cw mcu v10.3/cross_tools/arm-none-eabi-gcc-4_6_2/bin/../lib/gcc/arm-none-eabi/4.6.2/armv6-m\libgcc.a(fixsfsi.o)
 .bss           0x00000000        0x0 c:/freescale/cw mcu v10.3/cross_tools/arm-none-eabi-gcc-4_6_2/bin/../lib/gcc/arm-none-eabi/4.6.2/armv6-m\libgcc.a(fixsfsi.o)
 .ARM.extab     0x00000000        0x0 c:/freescale/cw mcu v10.3/cross_tools/arm-none-eabi-gcc-4_6_2/bin/../lib/gcc/arm-none-eabi/4.6.2/armv6-m\libgcc.a(fixsfsi.o)
 .ARM.exidx     0x00000000        0x8 c:/freescale/cw mcu v10.3/cross_tools/arm-none-eabi-gcc-4_6_2/bin/../lib/gcc/arm-none-eabi/4.6.2/armv6-m\libgcc.a(fixsfsi.o)
 .ARM.attributes
                0x00000000       0x2c c:/freescale/cw mcu v10.3/cross_tools/arm-none-eabi-gcc-4_6_2/bin/../lib/gcc/arm-none-eabi/4.6.2/armv6-m\libgcc.a(fixsfsi.o)
 .debug_frame   0x00000000       0x28 c:/freescale/cw mcu v10.3/cross_tools/arm-none-eabi-gcc-4_6_2/bin/../lib/gcc/arm-none-eabi/4.6.2/armv6-m\libgcc.a(fixsfsi.o)
 .text          0x00000000       0xb0 c:/freescale/cw mcu v10.3/cross_tools/arm-none-eabi-gcc-4_6_2/bin/../lib/gcc/arm-none-eabi/4.6.2/armv6-m\libgcc.a(floatsisf.o)
 .data          0x00000000        0x0 c:/freescale/cw mcu v10.3/cross_tools/arm-none-eabi-gcc-4_6_2/bin/../lib/gcc/arm-none-eabi/4.6.2/armv6-m\libgcc.a(floatsisf.o)
 .bss           0x00000000        0x0 c:/freescale/cw mcu v10.3/cross_tools/arm-none-eabi-gcc-4_6_2/bin/../lib/gcc/arm-none-eabi/4.6.2/armv6-m\libgcc.a(floatsisf.o)
 .ARM.extab     0x00000000        0x0 c:/freescale/cw mcu v10.3/cross_tools/arm-none-eabi-gcc-4_6_2/bin/../lib/gcc/arm-none-eabi/4.6.2/armv6-m\libgcc.a(floatsisf.o)
 .ARM.exidx     0x00000000        0x8 c:/freescale/cw mcu v10.3/cross_tools/arm-none-eabi-gcc-4_6_2/bin/../lib/gcc/arm-none-eabi/4.6.2/armv6-m\libgcc.a(floatsisf.o)
 .ARM.attributes
                0x00000000       0x2c c:/freescale/cw mcu v10.3/cross_tools/arm-none-eabi-gcc-4_6_2/bin/../lib/gcc/arm-none-eabi/4.6.2/armv6-m\libgcc.a(floatsisf.o)
 .debug_frame   0x00000000       0x2c c:/freescale/cw mcu v10.3/cross_tools/arm-none-eabi-gcc-4_6_2/bin/../lib/gcc/arm-none-eabi/4.6.2/armv6-m\libgcc.a(floatsisf.o)
 .text          0x00000000       0x74 c:/freescale/cw mcu v10.3/cross_tools/arm-none-eabi-gcc-4_6_2/bin/../lib/gcc/arm-none-eabi/4.6.2/armv6-m\libgcc.a(_arm_cmpsf2.o)
 .data          0x00000000        0x0 c:/freescale/cw mcu v10.3/cross_tools/arm-none-eabi-gcc-4_6_2/bin/../lib/gcc/arm-none-eabi/4.6.2/armv6-m\libgcc.a(_arm_cmpsf2.o)
 .bss           0x00000000        0x0 c:/freescale/cw mcu v10.3/cross_tools/arm-none-eabi-gcc-4_6_2/bin/../lib/gcc/arm-none-eabi/4.6.2/armv6-m\libgcc.a(_arm_cmpsf2.o)
 .ARM.attributes
                0x00000000       0x1e c:/freescale/cw mcu v10.3/cross_tools/arm-none-eabi-gcc-4_6_2/bin/../lib/gcc/arm-none-eabi/4.6.2/armv6-m\libgcc.a(_arm_cmpsf2.o)
 .text          0x00000000       0x3c c:/freescale/cw mcu v10.3/cross_tools/arm-none-eabi-gcc-4_6_2/bin/../lib/gcc/arm-none-eabi/4.6.2/armv6-m\libgcc.a(_clzsi2.o)
 .data          0x00000000        0x0 c:/freescale/cw mcu v10.3/cross_tools/arm-none-eabi-gcc-4_6_2/bin/../lib/gcc/arm-none-eabi/4.6.2/armv6-m\libgcc.a(_clzsi2.o)
 .bss           0x00000000        0x0 c:/freescale/cw mcu v10.3/cross_tools/arm-none-eabi-gcc-4_6_2/bin/../lib/gcc/arm-none-eabi/4.6.2/armv6-m\libgcc.a(_clzsi2.o)
 .ARM.attributes
                0x00000000       0x1e c:/freescale/cw mcu v10.3/cross_tools/arm-none-eabi-gcc-4_6_2/bin/../lib/gcc/arm-none-eabi/4.6.2/armv6-m\libgcc.a(_clzsi2.o)
 .text          0x00000000       0x54 c:/freescale/cw mcu v10.3/cross_tools/arm-none-eabi-gcc-4_6_2/bin/../lib/gcc/arm-none-eabi/4.6.2/armv6-m\libgcc.a(eqsf2.o)
 .data          0x00000000        0x0 c:/freescale/cw mcu v10.3/cross_tools/arm-none-eabi-gcc-4_6_2/bin/../lib/gcc/arm-none-eabi/4.6.2/armv6-m\libgcc.a(eqsf2.o)
 .bss           0x00000000        0x0 c:/freescale/cw mcu v10.3/cross_tools/arm-none-eabi-gcc-4_6_2/bin/../lib/gcc/arm-none-eabi/4.6.2/armv6-m\libgcc.a(eqsf2.o)
 .ARM.extab     0x00000000        0x0 c:/freescale/cw mcu v10.3/cross_tools/arm-none-eabi-gcc-4_6_2/bin/../lib/gcc/arm-none-eabi/4.6.2/armv6-m\libgcc.a(eqsf2.o)
 .ARM.exidx     0x00000000        0x8 c:/freescale/cw mcu v10.3/cross_tools/arm-none-eabi-gcc-4_6_2/bin/../lib/gcc/arm-none-eabi/4.6.2/armv6-m\libgcc.a(eqsf2.o)
 .ARM.attributes
                0x00000000       0x2c c:/freescale/cw mcu v10.3/cross_tools/arm-none-eabi-gcc-4_6_2/bin/../lib/gcc/arm-none-eabi/4.6.2/armv6-m\libgcc.a(eqsf2.o)
 .debug_frame   0x00000000       0x30 c:/freescale/cw mcu v10.3/cross_tools/arm-none-eabi-gcc-4_6_2/bin/../lib/gcc/arm-none-eabi/4.6.2/armv6-m\libgcc.a(eqsf2.o)
 .text          0x00000000       0xa0 c:/freescale/cw mcu v10.3/cross_tools/arm-none-eabi-gcc-4_6_2/bin/../lib/gcc/arm-none-eabi/4.6.2/armv6-m\libgcc.a(gesf2.o)
 .data          0x00000000        0x0 c:/freescale/cw mcu v10.3/cross_tools/arm-none-eabi-gcc-4_6_2/bin/../lib/gcc/arm-none-eabi/4.6.2/armv6-m\libgcc.a(gesf2.o)
 .bss           0x00000000        0x0 c:/freescale/cw mcu v10.3/cross_tools/arm-none-eabi-gcc-4_6_2/bin/../lib/gcc/arm-none-eabi/4.6.2/armv6-m\libgcc.a(gesf2.o)
 .ARM.extab     0x00000000        0x0 c:/freescale/cw mcu v10.3/cross_tools/arm-none-eabi-gcc-4_6_2/bin/../lib/gcc/arm-none-eabi/4.6.2/armv6-m\libgcc.a(gesf2.o)
 .ARM.exidx     0x00000000        0x8 c:/freescale/cw mcu v10.3/cross_tools/arm-none-eabi-gcc-4_6_2/bin/../lib/gcc/arm-none-eabi/4.6.2/armv6-m\libgcc.a(gesf2.o)
 .ARM.attributes
                0x00000000       0x2c c:/freescale/cw mcu v10.3/cross_tools/arm-none-eabi-gcc-4_6_2/bin/../lib/gcc/arm-none-eabi/4.6.2/armv6-m\libgcc.a(gesf2.o)
 .debug_frame   0x00000000       0x34 c:/freescale/cw mcu v10.3/cross_tools/arm-none-eabi-gcc-4_6_2/bin/../lib/gcc/arm-none-eabi/4.6.2/armv6-m\libgcc.a(gesf2.o)
 .text          0x00000000       0x98 c:/freescale/cw mcu v10.3/cross_tools/arm-none-eabi-gcc-4_6_2/bin/../lib/gcc/arm-none-eabi/4.6.2/armv6-m\libgcc.a(lesf2.o)
 .data          0x00000000        0x0 c:/freescale/cw mcu v10.3/cross_tools/arm-none-eabi-gcc-4_6_2/bin/../lib/gcc/arm-none-eabi/4.6.2/armv6-m\libgcc.a(lesf2.o)
 .bss           0x00000000        0x0 c:/freescale/cw mcu v10.3/cross_tools/arm-none-eabi-gcc-4_6_2/bin/../lib/gcc/arm-none-eabi/4.6.2/armv6-m\libgcc.a(lesf2.o)
 .ARM.extab     0x00000000        0x0 c:/freescale/cw mcu v10.3/cross_tools/arm-none-eabi-gcc-4_6_2/bin/../lib/gcc/arm-none-eabi/4.6.2/armv6-m\libgcc.a(lesf2.o)
 .ARM.exidx     0x00000000        0x8 c:/freescale/cw mcu v10.3/cross_tools/arm-none-eabi-gcc-4_6_2/bin/../lib/gcc/arm-none-eabi/4.6.2/armv6-m\libgcc.a(lesf2.o)
 .ARM.attributes
                0x00000000       0x2c c:/freescale/cw mcu v10.3/cross_tools/arm-none-eabi-gcc-4_6_2/bin/../lib/gcc/arm-none-eabi/4.6.2/armv6-m\libgcc.a(lesf2.o)
 .debug_frame   0x00000000       0x34 c:/freescale/cw mcu v10.3/cross_tools/arm-none-eabi-gcc-4_6_2/bin/../lib/gcc/arm-none-eabi/4.6.2/armv6-m\libgcc.a(lesf2.o)
 .text          0x00000000        0x0 C:/Freescale/CW MCU v10.3/MCU/ARM_GCC_Support/ewl/lib/armv6-m\librt.a(gcc_ctor_dtor.o)
 .data          0x00000000        0x0 C:/Freescale/CW MCU v10.3/MCU/ARM_GCC_Support/ewl/lib/armv6-m\librt.a(gcc_ctor_dtor.o)
 .bss           0x00000000        0x0 C:/Freescale/CW MCU v10.3/MCU/ARM_GCC_Support/ewl/lib/armv6-m\librt.a(gcc_ctor_dtor.o)
 .bss.__dso_handle
                0x00000000        0x4 C:/Freescale/CW MCU v10.3/MCU/ARM_GCC_Support/ewl/lib/armv6-m\librt.a(gcc_ctor_dtor.o)
 .text          0x00000000        0x0 C:/Freescale/CW MCU v10.3/MCU/ARM_GCC_Support/ewl/lib/armv6-m\librt.a(ROMCopy.o)
 .data          0x00000000        0x0 C:/Freescale/CW MCU v10.3/MCU/ARM_GCC_Support/ewl/lib/armv6-m\librt.a(ROMCopy.o)
 .bss           0x00000000        0x0 C:/Freescale/CW MCU v10.3/MCU/ARM_GCC_Support/ewl/lib/armv6-m\librt.a(ROMCopy.o)
 .text.__flush_cache
                0x00000000        0x2 C:/Freescale/CW MCU v10.3/MCU/ARM_GCC_Support/ewl/lib/armv6-m\librt.a(ROMCopy.o)
 .text          0x00000000        0x0 C:/Freescale/CW MCU v10.3/MCU/ARM_GCC_Support/ewl/lib/armv6-m\librt.a(__arm_eabi_init.o)
 .data          0x00000000        0x0 C:/Freescale/CW MCU v10.3/MCU/ARM_GCC_Support/ewl/lib/armv6-m\librt.a(__arm_eabi_init.o)
 .bss           0x00000000        0x0 C:/Freescale/CW MCU v10.3/MCU/ARM_GCC_Support/ewl/lib/armv6-m\librt.a(__arm_eabi_init.o)
 .text.__register_global_object
                0x00000000       0x14 C:/Freescale/CW MCU v10.3/MCU/ARM_GCC_Support/ewl/lib/armv6-m\librt.a(__arm_eabi_init.o)
 .text.__cxa_atexit
                0x00000000       0x38 C:/Freescale/CW MCU v10.3/MCU/ARM_GCC_Support/ewl/lib/armv6-m\librt.a(__arm_eabi_init.o)
 .text.__aeabi_atexit
                0x00000000        0xe C:/Freescale/CW MCU v10.3/MCU/ARM_GCC_Support/ewl/lib/armv6-m\librt.a(__arm_eabi_init.o)
 .text.__register_atexit
                0x00000000        0xc C:/Freescale/CW MCU v10.3/MCU/ARM_GCC_Support/ewl/lib/armv6-m\librt.a(__arm_eabi_init.o)
 .text.__init_hardware
                0x00000000        0x4 C:/Freescale/CW MCU v10.3/MCU/ARM_GCC_Support/ewl/lib/armv6-m\librt.a(__arm_eabi_init.o)
 .bss.atexit_curr_func
                0x00000000        0x4 C:/Freescale/CW MCU v10.3/MCU/ARM_GCC_Support/ewl/lib/armv6-m\librt.a(__arm_eabi_init.o)
 .bss.atexit_funcs
                0x00000000      0x300 C:/Freescale/CW MCU v10.3/MCU/ARM_GCC_Support/ewl/lib/armv6-m\librt.a(__arm_eabi_init.o)

Memory Configuration

Name             Origin             Length             Attributes
m_interrupts     0x00000000         0x000000c0         xr
m_cfmprotrom     0x00000400         0x00000010         xr
m_text           0x00000800         0x0001f800         xr
m_data           0x1ffff000         0x00004000         xrw
*default*        0x00000000         0xffffffff

Linker script and memory map

LOAD ./Sources/Freedom_c.obj
LOAD ./Sources/Systick_c.obj
LOAD ./Sources/TPM1_c.obj
LOAD ./Sources/arm_cm0_c.obj
LOAD ./Sources/main_c.obj
LOAD ./Sources/mcg_c.obj
LOAD ./Sources/sa_mtb_c.obj
LOAD ./Project_Settings/Startup_Code/__arm_end_c.obj
LOAD ./Project_Settings/Startup_Code/__arm_start_c.obj
LOAD ./Project_Settings/Startup_Code/kinetis_sysinit_c.obj
                0x000013cc                __pformatter = __pformatter_
                [0x00001804]                __sformatter = __sformatter
START GROUP
LOAD C:/Freescale/CW MCU v10.3/MCU/ARM_GCC_Support/ewl/lib/armv6-m\libc.a
LOAD C:/Freescale/CW MCU v10.3/MCU/ARM_GCC_Support/ewl/lib/armv6-m\libm.a
LOAD c:/freescale/cw mcu v10.3/cross_tools/arm-none-eabi-gcc-4_6_2/bin/../lib/gcc/arm-none-eabi/4.6.2/armv6-m\libgcc.a
LOAD C:/Freescale/CW MCU v10.3/MCU/ARM_GCC_Support/ewl/lib/armv6-m\librt.a
LOAD C:/Freescale/CW MCU v10.3/MCU/ARM_GCC_Support/ewl/lib/armv6-m\libuart.a
END GROUP
                0x20003000                _estack = 0x20003000
                0x20003000                __SP_INIT = _estack
                0x00000400                __heap_size = 0x400
                0x00000400                __stack_size = 0x400

.interrupts     0x00000000       0xc0
                0x00000000                __vector_table = .
                0x00000000                . = ALIGN (0x4)
 *(.vectortable)
 .vectortable   0x00000000       0xc0 ./Project_Settings/Startup_Code/kinetis_sysinit_c.obj
                0x00000000                InterruptVector
                0x000000c0                . = ALIGN (0x4)

.cfmprotect     0x00000400        0x0
                0x00000400                . = ALIGN (0x4)
 *(.cfmconfig)
                0x00000400                . = ALIGN (0x4)

.text           0x00000800     0x1ca8
                0x00000800                . = ALIGN (0x4)
 *(.text)
 .text          0x00000800       0x14 c:/freescale/cw mcu v10.3/cross_tools/arm-none-eabi-gcc-4_6_2/bin/../lib/gcc/arm-none-eabi/4.6.2/armv6-m\libgcc.a(_thumb1_case_uqi.o)
                0x00000800                __gnu_thumb1_case_uqi
 .text          0x00000814       0x9c c:/freescale/cw mcu v10.3/cross_tools/arm-none-eabi-gcc-4_6_2/bin/../lib/gcc/arm-none-eabi/4.6.2/armv6-m\libgcc.a(_udivsi3.o)
                0x00000814                __aeabi_uidiv
                0x00000814                __udivsi3
                0x0000089c                __aeabi_uidivmod
 .text          0x000008b0       0xc0 c:/freescale/cw mcu v10.3/cross_tools/arm-none-eabi-gcc-4_6_2/bin/../lib/gcc/arm-none-eabi/4.6.2/armv6-m\libgcc.a(_divsi3.o)
                0x000008b0                __divsi3
                0x000008b0                __aeabi_idiv
                0x0000095c                __aeabi_idivmod
 .text          0x00000970        0x4 c:/freescale/cw mcu v10.3/cross_tools/arm-none-eabi-gcc-4_6_2/bin/../lib/gcc/arm-none-eabi/4.6.2/armv6-m\libgcc.a(_dvmd_tls.o)
                0x00000970                __aeabi_idiv0
                0x00000970                __aeabi_ldiv0
 *(.text*)
 .text.InitFreedom
                0x00000974       0x7c ./Sources/Freedom_c.obj
                0x00000974                InitFreedom
 .text.InitSysTick
                0x000009f0       0x24 ./Sources/Systick_c.obj
                0x000009f0                InitSysTick
 .text.SysTick_Handler
                0x00000a14       0x58 ./Sources/Systick_c.obj
                0x00000a14                SysTick_Handler
 .text.FTM1_IRQHandler
                0x00000a6c       0x3c ./Sources/TPM1_c.obj
                0x00000a6c                FTM1_IRQHandler
 .text.InitTPM1
                0x00000aa8       0xa0 ./Sources/TPM1_c.obj
                0x00000aa8                InitTPM1
 .text.enable_irq
                0x00000b48       0x70 ./Sources/arm_cm0_c.obj
                0x00000b48                enable_irq
 .text.main     0x00000bb8       0x50 ./Sources/main_c.obj
                0x00000bb8                main
 .text.pll_init
                0x00000c08      0x548 ./Sources/mcg_c.obj
                0x00000c08                pll_init
 .text._ExitProcess
                0x00001150        0xc ./Project_Settings/Startup_Code/__arm_end_c.obj
                0x00001150                _ExitProcess
 .text.zero_fill_bss
                0x0000115c       0x24 ./Project_Settings/Startup_Code/__arm_start_c.obj
 .text.__thumb_startup
                0x00001180       0x30 ./Project_Settings/Startup_Code/__arm_start_c.obj
                0x00001180                __thumb_startup
 .text.Default_Handler
                0x000011b0        0xc ./Project_Settings/Startup_Code/kinetis_sysinit_c.obj
                0x000011b0                RTC_Alarm_IRQHandler
                0x000011b0                I2C0_IRQHandler
                0x000011b0                HardFault_Handler
                0x000011b0                PendSV_Handler
                0x000011b0                NMI_Handler
                0x000011b0                I2C1_IRQHandler
                0x000011b0                UART1_IRQHandler
                0x000011b0                DMA2_IRQHandler
                0x000011b0                TSI0_IRQHandler
                0x000011b0                UART0_IRQHandler
                0x000011b0                ADC0_IRQHandler
                0x000011b0                SPI1_IRQHandler
                0x000011b0                PORTD_IRQHandler
                0x000011b0                LPTimer_IRQHandler
                0x000011b0                RTC_Seconds_IRQHandler
                0x000011b0                MCG_IRQHandler
                0x000011b0                UART2_IRQHandler
                0x000011b0                Default_Handler
                0x000011b0                LLW_IRQHandler
                0x000011b0                PIT_IRQHandler
                0x000011b0                SVC_Handler
                0x000011b0                USBOTG_IRQHandler
                0x000011b0                DMA3_IRQHandler
                0x000011b0                DMA0_IRQHandler
                0x000011b0                DAC0_IRQHandler
                0x000011b0                PMC_IRQHandler
                0x000011b0                SPI0_IRQHandler
                0x000011b0                FTM0_IRQHandler
                0x000011b0                PORTA_IRQHandler
                0x000011b0                MCM_IRQHandler
                0x000011b0                FTFL_IRQHandler
                0x000011b0                FTM2_IRQHandler
                0x000011b0                CMP0_IRQHandler
                0x000011b0                DMA1_IRQHandler
 .text.__init_hardware
                0x000011bc       0x2c ./Project_Settings/Startup_Code/kinetis_sysinit_c.obj
                0x000011bc                __init_hardware
 .text.exit     0x000011e8       0x38 C:/Freescale/CW MCU v10.3/MCU/ARM_GCC_Support/ewl/lib/armv6-m\libc.a(exit.o)
                0x000011e8                exit
 .text.memset   0x00001220        0xc C:/Freescale/CW MCU v10.3/MCU/ARM_GCC_Support/ewl/lib/armv6-m\libc.a(memset.o)
                0x00001220                memset
 .text.long2str.isra.0
                0x0000122c      0x1a0 C:/Freescale/CW MCU v10.3/MCU/ARM_GCC_Support/ewl/lib/armv6-m\libc.a(printformat_.o)
 .text.__pformatter_
                0x000013cc      0x438 C:/Freescale/CW MCU v10.3/MCU/ARM_GCC_Support/ewl/lib/armv6-m\libc.a(printformat_.o)
                0x000013cc                __pformatter_
 .text.__sformatter
                0x00001804      0x780 C:/Freescale/CW MCU v10.3/MCU/ARM_GCC_Support/ewl/lib/armv6-m\libc.a(scanformat_.o)
                0x00001804                __sformatter
 .text.isalpha  0x00001f84       0x20 C:/Freescale/CW MCU v10.3/MCU/ARM_GCC_Support/ewl/lib/armv6-m\libc.a(ctype_aeabi.o)
                0x00001f84                isalpha
 .text.isspace  0x00001fa4       0x20 C:/Freescale/CW MCU v10.3/MCU/ARM_GCC_Support/ewl/lib/armv6-m\libc.a(ctype_aeabi.o)
                0x00001fa4                isspace
 .text.toupper  0x00001fc4        0xe C:/Freescale/CW MCU v10.3/MCU/ARM_GCC_Support/ewl/lib/armv6-m\libc.a(ctype_aeabi.o)
                0x00001fc4                toupper
 .text.__strtoul
                0x00001fd2      0x1d0 C:/Freescale/CW MCU v10.3/MCU/ARM_GCC_Support/ewl/lib/armv6-m\libc.a(__strtoul.o)
                0x00001fd2                __strtoul
 .text.__fill_mem
                0x000021a2       0x84 C:/Freescale/CW MCU v10.3/MCU/ARM_GCC_Support/ewl/lib/armv6-m\libc.a(__filll_mem.o)
                0x000021a2                __fill_mem
 .text.memchr   0x00002226       0x1a C:/Freescale/CW MCU v10.3/MCU/ARM_GCC_Support/ewl/lib/armv6-m\libc.a(memchr.o)
                0x00002226                memchr
 .text.strchr   0x00002240       0x1e C:/Freescale/CW MCU v10.3/MCU/ARM_GCC_Support/ewl/lib/armv6-m\libc.a(strchr.o)
                0x00002240                strchr
 .text.strlen   0x0000225e       0x14 C:/Freescale/CW MCU v10.3/MCU/ARM_GCC_Support/ewl/lib/armv6-m\libc.a(strlen.o)
                0x0000225e                strlen
 *fill*         0x00002272        0x2 00
 .text.__init_cpp
                0x00002274       0x48 C:/Freescale/CW MCU v10.3/MCU/ARM_GCC_Support/ewl/lib/armv6-m\librt.a(gcc_ctor_dtor.o)
                0x00002274                __init_cpp
 .text.__fini_cpp
                0x000022bc       0x34 C:/Freescale/CW MCU v10.3/MCU/ARM_GCC_Support/ewl/lib/armv6-m\librt.a(gcc_ctor_dtor.o)
                0x000022bc                __fini_cpp
 .text.__copy_rom_section
                0x000022f0       0x4a C:/Freescale/CW MCU v10.3/MCU/ARM_GCC_Support/ewl/lib/armv6-m\librt.a(ROMCopy.o)
                0x000022f0                __copy_rom_section
 *fill*         0x0000233a        0x2 00
 .text.__copy_rom_sections_to_ram
                0x0000233c       0x2c C:/Freescale/CW MCU v10.3/MCU/ARM_GCC_Support/ewl/lib/armv6-m\librt.a(ROMCopy.o)
                0x0000233c                __copy_rom_sections_to_ram
 .text.__destroy_global_chain
                0x00002368       0x1c C:/Freescale/CW MCU v10.3/MCU/ARM_GCC_Support/ewl/lib/armv6-m\librt.a(__arm_eabi_init.o)
                0x00002368                __destroy_global_chain
 .text.__init_registers
                0x00002384       0x1c C:/Freescale/CW MCU v10.3/MCU/ARM_GCC_Support/ewl/lib/armv6-m\librt.a(__arm_eabi_init.o)
                0x00002384                __init_registers
 .text.__init_user
                0x000023a0        0x4 C:/Freescale/CW MCU v10.3/MCU/ARM_GCC_Support/ewl/lib/armv6-m\librt.a(__arm_eabi_init.o)
                0x000023a0                __init_user
 *(.rodata)
 *(.rodata*)
 .rodata.str1.1
                0x000023a4        0x1 C:/Freescale/CW MCU v10.3/MCU/ARM_GCC_Support/ewl/lib/armv6-m\libc.a(printformat_.o)
 .rodata.__aeabi_ctype_table_C
                0x000023a5      0x101 C:/Freescale/CW MCU v10.3/MCU/ARM_GCC_Support/ewl/lib/armv6-m\libc.a(ctype_aeabi.o)
                0x000023a5                __aeabi_ctype_table_C
 *(.glue_7)
 .glue_7        0x00000000        0x0 linker stubs
 *(.glue_7t)
 .glue_7t       0x00000000        0x0 linker stubs
 *(.eh_frame)
 *(.init)
 *(.fini)
                0x000024a8                . = ALIGN (0x4)
 *fill*         0x000024a6        0x2 00
                0x000024a8                _etext = .

.vfp11_veneer   0x000024a8        0x0
 .vfp11_veneer  0x00000000        0x0 linker stubs

.v4_bx          0x000024a8        0x0
 .v4_bx         0x00000000        0x0 linker stubs

.ARM.extab
 *(.ARM.extab* .gnu.linkonce.armextab.*)

.ARM            0x000024a8        0x0
                0x000024a8                __exidx_start = .
 *(.ARM.exidx*)
                0x000024a8                __exidx_end = .

.ctors          0x000024a8        0x0
                0x000024a8                __CTOR_LIST__ = .
 *crtbegin.o(.ctors)
 *(EXCLUDE_FILE(*crtend.o) .ctors)
 *(SORT(.ctors.*))
 *(.ctors)
                0x000024a8                __CTOR_END__ = .

.dtors          0x000024a8        0x0
                0x000024a8                __DTOR_LIST__ = .
 *crtbegin.o(.dtors)
 *(EXCLUDE_FILE(*crtend.o) .dtors)
 *(SORT(.dtors.*))
 *(.dtors)
                0x000024a8                __DTOR_END__ = .

.preinit_array  0x000024a8        0x0
                0x000024a8                PROVIDE (__preinit_array_start, .)
 *(.preinit_array*)
                0x000024a8                PROVIDE (__preinit_array_end, .)

.init_array     0x000024a8        0x0
                0x000024a8                PROVIDE (__init_array_start, .)
 *(SORT(.init_array.*))
 *(.init_array*)
                0x000024a8                PROVIDE (__init_array_end, .)

.fini_array     0x000024a8        0x0
                0x000024a8                PROVIDE (__fini_array_start, .)
 *(SORT(.fini_array.*))
 *(.fini_array*)
                0x000024a8                PROVIDE (__fini_array_end, .)
                0x000024a8                ___ROM_AT = .

.mtb            0x1ffff000        0x0
                0x1ffff000                . = ALIGN (0x8)
                0x1ffff000                _mtb_start = .
 *(.mtb_buf)
                0x1ffff000                . = ALIGN (0x8)
                0x1ffff000                _mtb_end = .

.data           0x1ffff000        0x0 load address 0x000024a8
                0x1ffff000                . = ALIGN (0x4)
                0x1ffff000                _sdata = .
 *(.data)
 *(.data*)
                0x1ffff000                . = ALIGN (0x4)
                0x1ffff000                _edata = .
                0x00000000                ___data_size = (_edata - _sdata)
                0x1ffff000                . = ALIGN (0x4)

.bss            0x1ffff000       0x34
                0x1ffff000                __START_BSS = .
                0x1ffff000                PROVIDE (__bss_start__, __START_BSS)
 *(.bss)
 *(.bss*)
 .bss.DelayTimerTick
                0x1ffff000        0x4 ./Sources/Systick_c.obj
 .bss.TPM1_Ticker
                0x1ffff004        0x4 ./Sources/TPM1_c.obj
                0x1ffff004                TPM1_Ticker
 .bss.argv      0x1ffff008        0x4 ./Project_Settings/Startup_Code/__arm_start_c.obj
 .bss.__stdio_exit
                0x1ffff00c        0x4 C:/Freescale/CW MCU v10.3/MCU/ARM_GCC_Support/ewl/lib/armv6-m\libc.a(exit.o)
                0x1ffff00c                __stdio_exit
 .bss.__console_exit
                0x1ffff010        0x4 C:/Freescale/CW MCU v10.3/MCU/ARM_GCC_Support/ewl/lib/armv6-m\libc.a(exit.o)
                0x1ffff010                __console_exit
 .bss.__S_romp  0x1ffff014        0xc C:/Freescale/CW MCU v10.3/MCU/ARM_GCC_Support/ewl/lib/armv6-m\librt.a(ROMCopy.o)
 .bss.__global_destructor_chain
                0x1ffff020        0x4 C:/Freescale/CW MCU v10.3/MCU/ARM_GCC_Support/ewl/lib/armv6-m\librt.a(__arm_eabi_init.o)
                0x1ffff020                __global_destructor_chain
 *(COMMON)
 COMMON         0x1ffff024       0x10 ./Sources/Systick_c.obj
                0x1ffff024                Ticker
                0x1ffff034                . = ALIGN (0x4)
                0x1ffff034                __END_BSS = .
                0x1ffff034                PROVIDE (__bss_end__, __END_BSS)
                0x000024a8                _romp_at = (___ROM_AT + SIZEOF (.data))

.romp           0x1ffff034       0x18 load address 0x000024a8
                0x000024a8                __S_romp = _romp_at
                0x1ffff034        0x4 LONG 0x24a8 ___ROM_AT
                0x1ffff038        0x4 LONG 0x1ffff000 _sdata
                0x1ffff03c        0x4 LONG 0x0 ___data_size
                0x1ffff040        0x4 LONG 0x0
                0x1ffff044        0x4 LONG 0x0
                0x1ffff048        0x4 LONG 0x0

._user_heap_stack
                0x1ffff04c      0x800 load address 0x000024c0
                0x1ffff04c                . = ALIGN (0x4)
                0x1ffff04c                PROVIDE (end, .)
                0x1ffff04c                PROVIDE (_end, .)
                0x1ffff04c                __heap_addr = .
                0x1ffff44c                . = (. + __heap_size)
 *fill*         0x1ffff04c      0x400 00
                0x1ffff84c                . = (. + __stack_size)
 *fill*         0x1ffff44c      0x400 00
                0x1ffff84c                . = ALIGN (0x4)

.ARM.attributes
                0x00000000       0x31
 *(.ARM.attributes)
 .ARM.attributes
                0x00000000       0x31 ./Sources/Freedom_c.obj
 .ARM.attributes
                0x00000031       0x31 ./Sources/Systick_c.obj
 .ARM.attributes
                0x00000062       0x31 ./Sources/TPM1_c.obj
 .ARM.attributes
                0x00000093       0x31 ./Sources/arm_cm0_c.obj
 .ARM.attributes
                0x000000c4       0x31 ./Sources/main_c.obj
 .ARM.attributes
                0x000000f5       0x31 ./Sources/mcg_c.obj
 .ARM.attributes
                0x00000126       0x31 ./Project_Settings/Startup_Code/__arm_end_c.obj
 .ARM.attributes
                0x00000157       0x31 ./Project_Settings/Startup_Code/__arm_start_c.obj
 .ARM.attributes
                0x00000188       0x31 ./Project_Settings/Startup_Code/kinetis_sysinit_c.obj
 .ARM.attributes
                0x000001b9       0x31 C:/Freescale/CW MCU v10.3/MCU/ARM_GCC_Support/ewl/lib/armv6-m\libc.a(exit.o)
 .ARM.attributes
                0x000001ea       0x31 C:/Freescale/CW MCU v10.3/MCU/ARM_GCC_Support/ewl/lib/armv6-m\libc.a(memset.o)
 .ARM.attributes
                0x0000021b       0x31 C:/Freescale/CW MCU v10.3/MCU/ARM_GCC_Support/ewl/lib/armv6-m\libc.a(printformat_.o)
 .ARM.attributes
                0x0000024c       0x31 C:/Freescale/CW MCU v10.3/MCU/ARM_GCC_Support/ewl/lib/armv6-m\libc.a(scanformat_.o)
 .ARM.attributes
                0x0000027d       0x31 C:/Freescale/CW MCU v10.3/MCU/ARM_GCC_Support/ewl/lib/armv6-m\libc.a(ctype_aeabi.o)
 .ARM.attributes
                0x000002ae       0x31 C:/Freescale/CW MCU v10.3/MCU/ARM_GCC_Support/ewl/lib/armv6-m\libc.a(__strtoul.o)
 .ARM.attributes
                0x000002df       0x31 C:/Freescale/CW MCU v10.3/MCU/ARM_GCC_Support/ewl/lib/armv6-m\libc.a(__filll_mem.o)
 .ARM.attributes
                0x00000310       0x31 C:/Freescale/CW MCU v10.3/MCU/ARM_GCC_Support/ewl/lib/armv6-m\libc.a(memchr.o)
 .ARM.attributes
                0x00000341       0x31 C:/Freescale/CW MCU v10.3/MCU/ARM_GCC_Support/ewl/lib/armv6-m\libc.a(strchr.o)
 .ARM.attributes
                0x00000372       0x31 C:/Freescale/CW MCU v10.3/MCU/ARM_GCC_Support/ewl/lib/armv6-m\libc.a(strlen.o)
 .ARM.attributes
                0x000003a3       0x1e c:/freescale/cw mcu v10.3/cross_tools/arm-none-eabi-gcc-4_6_2/bin/../lib/gcc/arm-none-eabi/4.6.2/armv6-m\libgcc.a(_thumb1_case_uqi.o)
 .ARM.attributes
                0x000003c1       0x1e c:/freescale/cw mcu v10.3/cross_tools/arm-none-eabi-gcc-4_6_2/bin/../lib/gcc/arm-none-eabi/4.6.2/armv6-m\libgcc.a(_udivsi3.o)
 .ARM.attributes
                0x000003df       0x1e c:/freescale/cw mcu v10.3/cross_tools/arm-none-eabi-gcc-4_6_2/bin/../lib/gcc/arm-none-eabi/4.6.2/armv6-m\libgcc.a(_divsi3.o)
 .ARM.attributes
                0x000003fd       0x1e c:/freescale/cw mcu v10.3/cross_tools/arm-none-eabi-gcc-4_6_2/bin/../lib/gcc/arm-none-eabi/4.6.2/armv6-m\libgcc.a(_dvmd_tls.o)
 .ARM.attributes
                0x0000041b       0x31 C:/Freescale/CW MCU v10.3/MCU/ARM_GCC_Support/ewl/lib/armv6-m\librt.a(gcc_ctor_dtor.o)
 .ARM.attributes
                0x0000044c       0x31 C:/Freescale/CW MCU v10.3/MCU/ARM_GCC_Support/ewl/lib/armv6-m\librt.a(ROMCopy.o)
 .ARM.attributes
                0x0000047d       0x31 C:/Freescale/CW MCU v10.3/MCU/ARM_GCC_Support/ewl/lib/armv6-m\librt.a(__arm_eabi_init.o)
OUTPUT(Systick_IRQ.elf elf32-littlearm)

.debug_info     0x00000000     0x414a
 .debug_info    0x00000000      0x3d1 ./Sources/Freedom_c.obj
 .debug_info    0x000003d1      0x18c ./Sources/Systick_c.obj
 .debug_info    0x0000055d      0x51b ./Sources/TPM1_c.obj
 .debug_info    0x00000a78      0x3d3 ./Sources/arm_cm0_c.obj
 .debug_info    0x00000e4b      0x132 ./Sources/main_c.obj
 .debug_info    0x00000f7d      0xf96 ./Sources/mcg_c.obj
 .debug_info    0x00001f13       0x5c ./Project_Settings/Startup_Code/__arm_end_c.obj
 .debug_info    0x00001f6f      0x138 ./Project_Settings/Startup_Code/__arm_start_c.obj
 .debug_info    0x000020a7      0x469 ./Project_Settings/Startup_Code/kinetis_sysinit_c.obj
 .debug_info    0x00002510      0x103 C:/Freescale/CW MCU v10.3/MCU/ARM_GCC_Support/ewl/lib/armv6-m\libc.a(exit.o)
 .debug_info    0x00002613       0xf4 C:/Freescale/CW MCU v10.3/MCU/ARM_GCC_Support/ewl/lib/armv6-m\libc.a(memset.o)
 .debug_info    0x00002707      0x512 C:/Freescale/CW MCU v10.3/MCU/ARM_GCC_Support/ewl/lib/armv6-m\libc.a(printformat_.o)
 .debug_info    0x00002c19      0x567 C:/Freescale/CW MCU v10.3/MCU/ARM_GCC_Support/ewl/lib/armv6-m\libc.a(scanformat_.o)
 .debug_info    0x00003180      0x337 C:/Freescale/CW MCU v10.3/MCU/ARM_GCC_Support/ewl/lib/armv6-m\libc.a(ctype_aeabi.o)
 .debug_info    0x000034b7      0x1d7 C:/Freescale/CW MCU v10.3/MCU/ARM_GCC_Support/ewl/lib/armv6-m\libc.a(__strtoul.o)
 .debug_info    0x0000368e      0x13f C:/Freescale/CW MCU v10.3/MCU/ARM_GCC_Support/ewl/lib/armv6-m\libc.a(__filll_mem.o)
 .debug_info    0x000037cd      0x129 C:/Freescale/CW MCU v10.3/MCU/ARM_GCC_Support/ewl/lib/armv6-m\libc.a(memchr.o)
 .debug_info    0x000038f6      0x113 C:/Freescale/CW MCU v10.3/MCU/ARM_GCC_Support/ewl/lib/armv6-m\libc.a(strchr.o)
 .debug_info    0x00003a09       0xf4 C:/Freescale/CW MCU v10.3/MCU/ARM_GCC_Support/ewl/lib/armv6-m\libc.a(strlen.o)
 .debug_info    0x00003afd      0x1c0 C:/Freescale/CW MCU v10.3/MCU/ARM_GCC_Support/ewl/lib/armv6-m\librt.a(gcc_ctor_dtor.o)
 .debug_info    0x00003cbd      0x1b9 C:/Freescale/CW MCU v10.3/MCU/ARM_GCC_Support/ewl/lib/armv6-m\librt.a(ROMCopy.o)
 .debug_info    0x00003e76      0x2d4 C:/Freescale/CW MCU v10.3/MCU/ARM_GCC_Support/ewl/lib/armv6-m\librt.a(__arm_eabi_init.o)

.debug_abbrev   0x00000000     0x1407
 .debug_abbrev  0x00000000       0xc0 ./Sources/Freedom_c.obj
 .debug_abbrev  0x000000c0      0x123 ./Sources/Systick_c.obj
 .debug_abbrev  0x000001e3      0x105 ./Sources/TPM1_c.obj
 .debug_abbrev  0x000002e8      0x106 ./Sources/arm_cm0_c.obj
 .debug_abbrev  0x000003ee       0x9c ./Sources/main_c.obj
 .debug_abbrev  0x0000048a      0x191 ./Sources/mcg_c.obj
 .debug_abbrev  0x0000061b       0x50 ./Project_Settings/Startup_Code/__arm_end_c.obj
 .debug_abbrev  0x0000066b       0x96 ./Project_Settings/Startup_Code/__arm_start_c.obj
 .debug_abbrev  0x00000701       0xeb ./Project_Settings/Startup_Code/kinetis_sysinit_c.obj
 .debug_abbrev  0x000007ec       0x8f C:/Freescale/CW MCU v10.3/MCU/ARM_GCC_Support/ewl/lib/armv6-m\libc.a(exit.o)
 .debug_abbrev  0x0000087b       0x66 C:/Freescale/CW MCU v10.3/MCU/ARM_GCC_Support/ewl/lib/armv6-m\libc.a(memset.o)
 .debug_abbrev  0x000008e1      0x204 C:/Freescale/CW MCU v10.3/MCU/ARM_GCC_Support/ewl/lib/armv6-m\libc.a(printformat_.o)
 .debug_abbrev  0x00000ae5      0x1fb C:/Freescale/CW MCU v10.3/MCU/ARM_GCC_Support/ewl/lib/armv6-m\libc.a(scanformat_.o)
 .debug_abbrev  0x00000ce0       0xb3 C:/Freescale/CW MCU v10.3/MCU/ARM_GCC_Support/ewl/lib/armv6-m\libc.a(ctype_aeabi.o)
 .debug_abbrev  0x00000d93       0xc6 C:/Freescale/CW MCU v10.3/MCU/ARM_GCC_Support/ewl/lib/armv6-m\libc.a(__strtoul.o)
 .debug_abbrev  0x00000e59       0x7c C:/Freescale/CW MCU v10.3/MCU/ARM_GCC_Support/ewl/lib/armv6-m\libc.a(__filll_mem.o)
 .debug_abbrev  0x00000ed5       0x99 C:/Freescale/CW MCU v10.3/MCU/ARM_GCC_Support/ewl/lib/armv6-m\libc.a(memchr.o)
 .debug_abbrev  0x00000f6e       0x7e C:/Freescale/CW MCU v10.3/MCU/ARM_GCC_Support/ewl/lib/armv6-m\libc.a(strchr.o)
 .debug_abbrev  0x00000fec       0x7e C:/Freescale/CW MCU v10.3/MCU/ARM_GCC_Support/ewl/lib/armv6-m\libc.a(strlen.o)
 .debug_abbrev  0x0000106a       0x9d C:/Freescale/CW MCU v10.3/MCU/ARM_GCC_Support/ewl/lib/armv6-m\librt.a(gcc_ctor_dtor.o)
 .debug_abbrev  0x00001107      0x149 C:/Freescale/CW MCU v10.3/MCU/ARM_GCC_Support/ewl/lib/armv6-m\librt.a(ROMCopy.o)
 .debug_abbrev  0x00001250      0x1b7 C:/Freescale/CW MCU v10.3/MCU/ARM_GCC_Support/ewl/lib/armv6-m\librt.a(__arm_eabi_init.o)

.debug_loc      0x00000000     0x3143
 .debug_loc     0x00000000       0x2c ./Sources/Freedom_c.obj
 .debug_loc     0x0000002c       0x9c ./Sources/Systick_c.obj
 .debug_loc     0x000000c8       0x58 ./Sources/TPM1_c.obj
 .debug_loc     0x00000120      0x138 ./Sources/arm_cm0_c.obj
 .debug_loc     0x00000258       0x38 ./Sources/main_c.obj
 .debug_loc     0x00000290      0x64c ./Sources/mcg_c.obj
 .debug_loc     0x000008dc       0x38 ./Project_Settings/Startup_Code/__arm_end_c.obj
 .debug_loc     0x00000914       0x2c ./Project_Settings/Startup_Code/__arm_start_c.obj
 .debug_loc     0x00000940       0x58 ./Project_Settings/Startup_Code/kinetis_sysinit_c.obj
 .debug_loc     0x00000998       0x3e C:/Freescale/CW MCU v10.3/MCU/ARM_GCC_Support/ewl/lib/armv6-m\libc.a(exit.o)
 .debug_loc     0x000009d6       0x6f C:/Freescale/CW MCU v10.3/MCU/ARM_GCC_Support/ewl/lib/armv6-m\libc.a(memset.o)
 .debug_loc     0x00000a45     0x1072 C:/Freescale/CW MCU v10.3/MCU/ARM_GCC_Support/ewl/lib/armv6-m\libc.a(printformat_.o)
 .debug_loc     0x00001ab7      0xb25 C:/Freescale/CW MCU v10.3/MCU/ARM_GCC_Support/ewl/lib/armv6-m\libc.a(scanformat_.o)
 .debug_loc     0x000025dc      0x2f7 C:/Freescale/CW MCU v10.3/MCU/ARM_GCC_Support/ewl/lib/armv6-m\libc.a(ctype_aeabi.o)
 .debug_loc     0x000028d3      0x274 C:/Freescale/CW MCU v10.3/MCU/ARM_GCC_Support/ewl/lib/armv6-m\libc.a(__strtoul.o)
 .debug_loc     0x00002b47      0x16b C:/Freescale/CW MCU v10.3/MCU/ARM_GCC_Support/ewl/lib/armv6-m\libc.a(__filll_mem.o)
 .debug_loc     0x00002cb2       0x82 C:/Freescale/CW MCU v10.3/MCU/ARM_GCC_Support/ewl/lib/armv6-m\libc.a(memchr.o)
 .debug_loc     0x00002d34       0xab C:/Freescale/CW MCU v10.3/MCU/ARM_GCC_Support/ewl/lib/armv6-m\libc.a(strchr.o)
 .debug_loc     0x00002ddf       0x51 C:/Freescale/CW MCU v10.3/MCU/ARM_GCC_Support/ewl/lib/armv6-m\libc.a(strlen.o)
 .debug_loc     0x00002e30       0xbe C:/Freescale/CW MCU v10.3/MCU/ARM_GCC_Support/ewl/lib/armv6-m\librt.a(gcc_ctor_dtor.o)
 .debug_loc     0x00002eee       0xbb C:/Freescale/CW MCU v10.3/MCU/ARM_GCC_Support/ewl/lib/armv6-m\librt.a(ROMCopy.o)
 .debug_loc     0x00002fa9      0x19a C:/Freescale/CW MCU v10.3/MCU/ARM_GCC_Support/ewl/lib/armv6-m\librt.a(__arm_eabi_init.o)

.debug_aranges  0x00000000      0x4b8
 .debug_aranges
                0x00000000       0x20 ./Sources/Freedom_c.obj
 .debug_aranges
                0x00000020       0x30 ./Sources/Systick_c.obj
 .debug_aranges
                0x00000050       0x28 ./Sources/TPM1_c.obj
 .debug_aranges
                0x00000078       0x48 ./Sources/arm_cm0_c.obj
 .debug_aranges
                0x000000c0       0x20 ./Sources/main_c.obj
 .debug_aranges
                0x000000e0      0x100 ./Sources/mcg_c.obj
 .debug_aranges
                0x000001e0       0x20 ./Project_Settings/Startup_Code/__arm_end_c.obj
 .debug_aranges
                0x00000200       0x30 ./Project_Settings/Startup_Code/__arm_start_c.obj
 .debug_aranges
                0x00000230       0x28 ./Project_Settings/Startup_Code/kinetis_sysinit_c.obj
 .debug_aranges
                0x00000258       0x20 C:/Freescale/CW MCU v10.3/MCU/ARM_GCC_Support/ewl/lib/armv6-m\libc.a(exit.o)
 .debug_aranges
                0x00000278       0x20 C:/Freescale/CW MCU v10.3/MCU/ARM_GCC_Support/ewl/lib/armv6-m\libc.a(memset.o)
 .debug_aranges
                0x00000298       0x28 C:/Freescale/CW MCU v10.3/MCU/ARM_GCC_Support/ewl/lib/armv6-m\libc.a(printformat_.o)
 .debug_aranges
                0x000002c0       0x20 C:/Freescale/CW MCU v10.3/MCU/ARM_GCC_Support/ewl/lib/armv6-m\libc.a(scanformat_.o)
 .debug_aranges
                0x000002e0       0x88 C:/Freescale/CW MCU v10.3/MCU/ARM_GCC_Support/ewl/lib/armv6-m\libc.a(ctype_aeabi.o)
 .debug_aranges
                0x00000368       0x20 C:/Freescale/CW MCU v10.3/MCU/ARM_GCC_Support/ewl/lib/armv6-m\libc.a(__strtoul.o)
 .debug_aranges
                0x00000388       0x20 C:/Freescale/CW MCU v10.3/MCU/ARM_GCC_Support/ewl/lib/armv6-m\libc.a(__filll_mem.o)
 .debug_aranges
                0x000003a8       0x20 C:/Freescale/CW MCU v10.3/MCU/ARM_GCC_Support/ewl/lib/armv6-m\libc.a(memchr.o)
 .debug_aranges
                0x000003c8       0x20 C:/Freescale/CW MCU v10.3/MCU/ARM_GCC_Support/ewl/lib/armv6-m\libc.a(strchr.o)
 .debug_aranges
                0x000003e8       0x20 C:/Freescale/CW MCU v10.3/MCU/ARM_GCC_Support/ewl/lib/armv6-m\libc.a(strlen.o)
 .debug_aranges
                0x00000408       0x28 C:/Freescale/CW MCU v10.3/MCU/ARM_GCC_Support/ewl/lib/armv6-m\librt.a(gcc_ctor_dtor.o)
 .debug_aranges
                0x00000430       0x30 C:/Freescale/CW MCU v10.3/MCU/ARM_GCC_Support/ewl/lib/armv6-m\librt.a(ROMCopy.o)
 .debug_aranges
                0x00000460       0x58 C:/Freescale/CW MCU v10.3/MCU/ARM_GCC_Support/ewl/lib/armv6-m\librt.a(__arm_eabi_init.o)

.debug_line     0x00000000     0x3089
 .debug_line    0x00000000      0x20d ./Sources/Freedom_c.obj
 .debug_line    0x0000020d      0x236 ./Sources/Systick_c.obj
 .debug_line    0x00000443      0x21a ./Sources/TPM1_c.obj
 .debug_line    0x0000065d      0x25c ./Sources/arm_cm0_c.obj
 .debug_line    0x000008b9      0x21b ./Sources/main_c.obj
 .debug_line    0x00000ad4      0xe6a ./Sources/mcg_c.obj
 .debug_line    0x0000193e      0x26a ./Project_Settings/Startup_Code/__arm_end_c.obj
 .debug_line    0x00001ba8      0x2b0 ./Project_Settings/Startup_Code/__arm_start_c.obj
 .debug_line    0x00001e58      0x22d ./Project_Settings/Startup_Code/kinetis_sysinit_c.obj
 .debug_line    0x00002085       0x8d C:/Freescale/CW MCU v10.3/MCU/ARM_GCC_Support/ewl/lib/armv6-m\libc.a(exit.o)
 .debug_line    0x00002112       0x90 C:/Freescale/CW MCU v10.3/MCU/ARM_GCC_Support/ewl/lib/armv6-m\libc.a(memset.o)
 .debug_line    0x000021a2      0x2d2 C:/Freescale/CW MCU v10.3/MCU/ARM_GCC_Support/ewl/lib/armv6-m\libc.a(printformat_.o)
 .debug_line    0x00002474      0x32b C:/Freescale/CW MCU v10.3/MCU/ARM_GCC_Support/ewl/lib/armv6-m\libc.a(scanformat_.o)
 .debug_line    0x0000279f      0x21d C:/Freescale/CW MCU v10.3/MCU/ARM_GCC_Support/ewl/lib/armv6-m\libc.a(ctype_aeabi.o)
 .debug_line    0x000029bc      0x147 C:/Freescale/CW MCU v10.3/MCU/ARM_GCC_Support/ewl/lib/armv6-m\libc.a(__strtoul.o)
 .debug_line    0x00002b03      0x140 C:/Freescale/CW MCU v10.3/MCU/ARM_GCC_Support/ewl/lib/armv6-m\libc.a(__filll_mem.o)
 .debug_line    0x00002c43       0xa3 C:/Freescale/CW MCU v10.3/MCU/ARM_GCC_Support/ewl/lib/armv6-m\libc.a(memchr.o)
 .debug_line    0x00002ce6       0x84 C:/Freescale/CW MCU v10.3/MCU/ARM_GCC_Support/ewl/lib/armv6-m\libc.a(strchr.o)
 .debug_line    0x00002d6a       0x9b C:/Freescale/CW MCU v10.3/MCU/ARM_GCC_Support/ewl/lib/armv6-m\libc.a(strlen.o)
 .debug_line    0x00002e05       0x9d C:/Freescale/CW MCU v10.3/MCU/ARM_GCC_Support/ewl/lib/armv6-m\librt.a(gcc_ctor_dtor.o)
 .debug_line    0x00002ea2       0xce C:/Freescale/CW MCU v10.3/MCU/ARM_GCC_Support/ewl/lib/armv6-m\librt.a(ROMCopy.o)
 .debug_line    0x00002f70      0x119 C:/Freescale/CW MCU v10.3/MCU/ARM_GCC_Support/ewl/lib/armv6-m\librt.a(__arm_eabi_init.o)

.debug_macinfo  0x00000000   0x112b6e
 .debug_macinfo
                0x00000000    0x26498 ./Sources/Freedom_c.obj
 .debug_macinfo
                0x00026498    0x26403 ./Sources/Systick_c.obj
 .debug_macinfo
                0x0004c89b    0x263ce ./Sources/TPM1_c.obj
 .debug_macinfo
                0x00072c69    0x26374 ./Sources/arm_cm0_c.obj
 .debug_macinfo
                0x00098fdd    0x265df ./Sources/main_c.obj
 .debug_macinfo
                0x000bf5bc    0x263d8 ./Sources/mcg_c.obj
 .debug_macinfo
                0x000e5994     0x3263 ./Project_Settings/Startup_Code/__arm_end_c.obj
 .debug_macinfo
                0x000e8bf7     0x3c7a ./Project_Settings/Startup_Code/__arm_start_c.obj
 .debug_macinfo
                0x000ec871    0x262fd ./Project_Settings/Startup_Code/kinetis_sysinit_c.obj

.debug_str      0x00000000     0x127e
 .debug_str     0x00000000      0x24a ./Sources/Freedom_c.obj
                                0x299 (size before relaxing)
 .debug_str     0x0000024a       0x7b ./Sources/Systick_c.obj
                                0x1a7 (size before relaxing)
 .debug_str     0x000002c5      0x2a2 ./Sources/TPM1_c.obj
                                0x4ba (size before relaxing)
 .debug_str     0x00000567       0xe8 ./Sources/arm_cm0_c.obj
                                0x24b (size before relaxing)
 .debug_str     0x0000064f       0x17 ./Sources/main_c.obj
                                0x181 (size before relaxing)
 .debug_str     0x00000666      0x25d ./Sources/mcg_c.obj
                                0x4ed (size before relaxing)
 .debug_str     0x000008c3       0x41 ./Project_Settings/Startup_Code/__arm_end_c.obj
                                 0xe6 (size before relaxing)
 .debug_str     0x00000904       0x85 ./Project_Settings/Startup_Code/__arm_start_c.obj
                                0x1a6 (size before relaxing)
 .debug_str     0x00000989       0x7a ./Project_Settings/Startup_Code/kinetis_sysinit_c.obj
                                0x2d9 (size before relaxing)
 .debug_str     0x00000a03       0x5a C:/Freescale/CW MCU v10.3/MCU/ARM_GCC_Support/ewl/lib/armv6-m\libc.a(exit.o)
                                0x14e (size before relaxing)
 .debug_str     0x00000a5d       0x23 C:/Freescale/CW MCU v10.3/MCU/ARM_GCC_Support/ewl/lib/armv6-m\libc.a(memset.o)
                                0x140 (size before relaxing)
 .debug_str     0x00000a80      0x244 C:/Freescale/CW MCU v10.3/MCU/ARM_GCC_Support/ewl/lib/armv6-m\libc.a(printformat_.o)
                                0x3aa (size before relaxing)
 .debug_str     0x00000cc4      0x184 C:/Freescale/CW MCU v10.3/MCU/ARM_GCC_Support/ewl/lib/armv6-m\libc.a(scanformat_.o)
                                0x3f0 (size before relaxing)
 .debug_str     0x00000e48       0x9d C:/Freescale/CW MCU v10.3/MCU/ARM_GCC_Support/ewl/lib/armv6-m\libc.a(ctype_aeabi.o)
                                0x1b3 (size before relaxing)
 .debug_str     0x00000ee5       0x61 C:/Freescale/CW MCU v10.3/MCU/ARM_GCC_Support/ewl/lib/armv6-m\libc.a(__strtoul.o)
                                0x1f2 (size before relaxing)
 .debug_str     0x00000f46       0x25 C:/Freescale/CW MCU v10.3/MCU/ARM_GCC_Support/ewl/lib/armv6-m\libc.a(__filll_mem.o)
                                0x152 (size before relaxing)
 .debug_str     0x00000f6b       0x1c C:/Freescale/CW MCU v10.3/MCU/ARM_GCC_Support/ewl/lib/armv6-m\libc.a(memchr.o)
                                0x148 (size before relaxing)
 .debug_str     0x00000f87       0x1c C:/Freescale/CW MCU v10.3/MCU/ARM_GCC_Support/ewl/lib/armv6-m\libc.a(strchr.o)
                                0x137 (size before relaxing)
 .debug_str     0x00000fa3       0x1c C:/Freescale/CW MCU v10.3/MCU/ARM_GCC_Support/ewl/lib/armv6-m\libc.a(strlen.o)
                                0x140 (size before relaxing)
 .debug_str     0x00000fbf      0x126 C:/Freescale/CW MCU v10.3/MCU/ARM_GCC_Support/ewl/lib/armv6-m\librt.a(gcc_ctor_dtor.o)
                                0x185 (size before relaxing)
 .debug_str     0x000010e5       0xa1 C:/Freescale/CW MCU v10.3/MCU/ARM_GCC_Support/ewl/lib/armv6-m\librt.a(ROMCopy.o)
                                0x140 (size before relaxing)
 .debug_str     0x00001186       0xf8 C:/Freescale/CW MCU v10.3/MCU/ARM_GCC_Support/ewl/lib/armv6-m\librt.a(__arm_eabi_init.o)
                                0x1ac (size before relaxing)

.comment        0x00000000       0x79
 .comment       0x00000000       0x79 ./Sources/Freedom_c.obj
                                 0x7a (size before relaxing)
 .comment       0x00000000       0x7a ./Sources/Systick_c.obj
 .comment       0x00000000       0x7a ./Sources/TPM1_c.obj
 .comment       0x00000000       0x7a ./Sources/arm_cm0_c.obj
 .comment       0x00000000       0x7a ./Sources/main_c.obj
 .comment       0x00000000       0x7a ./Sources/mcg_c.obj
 .comment       0x00000000       0x7a ./Project_Settings/Startup_Code/__arm_end_c.obj
 .comment       0x00000000       0x7a ./Project_Settings/Startup_Code/__arm_start_c.obj
 .comment       0x00000000       0x7a ./Project_Settings/Startup_Code/kinetis_sysinit_c.obj
 .comment       0x00000000       0x7a C:/Freescale/CW MCU v10.3/MCU/ARM_GCC_Support/ewl/lib/armv6-m\libc.a(exit.o)
 .comment       0x00000000       0x7a C:/Freescale/CW MCU v10.3/MCU/ARM_GCC_Support/ewl/lib/armv6-m\libc.a(memset.o)
 .comment       0x00000000       0x7a C:/Freescale/CW MCU v10.3/MCU/ARM_GCC_Support/ewl/lib/armv6-m\libc.a(printformat_.o)
 .comment       0x00000000       0x7a C:/Freescale/CW MCU v10.3/MCU/ARM_GCC_Support/ewl/lib/armv6-m\libc.a(scanformat_.o)
 .comment       0x00000000       0x7a C:/Freescale/CW MCU v10.3/MCU/ARM_GCC_Support/ewl/lib/armv6-m\libc.a(ctype_aeabi.o)
 .comment       0x00000000       0x7a C:/Freescale/CW MCU v10.3/MCU/ARM_GCC_Support/ewl/lib/armv6-m\libc.a(__strtoul.o)
 .comment       0x00000000       0x7a C:/Freescale/CW MCU v10.3/MCU/ARM_GCC_Support/ewl/lib/armv6-m\libc.a(__filll_mem.o)
 .comment       0x00000000       0x7a C:/Freescale/CW MCU v10.3/MCU/ARM_GCC_Support/ewl/lib/armv6-m\libc.a(memchr.o)
 .comment       0x00000000       0x7a C:/Freescale/CW MCU v10.3/MCU/ARM_GCC_Support/ewl/lib/armv6-m\libc.a(strchr.o)
 .comment       0x00000000       0x7a C:/Freescale/CW MCU v10.3/MCU/ARM_GCC_Support/ewl/lib/armv6-m\libc.a(strlen.o)
 .comment       0x00000000       0x7a C:/Freescale/CW MCU v10.3/MCU/ARM_GCC_Support/ewl/lib/armv6-m\librt.a(gcc_ctor_dtor.o)
 .comment       0x00000000       0x7a C:/Freescale/CW MCU v10.3/MCU/ARM_GCC_Support/ewl/lib/armv6-m\librt.a(ROMCopy.o)
 .comment       0x00000000       0x7a C:/Freescale/CW MCU v10.3/MCU/ARM_GCC_Support/ewl/lib/armv6-m\librt.a(__arm_eabi_init.o)

.debug_frame    0x00000000      0xaf0
 .debug_frame   0x00000000       0x2c ./Sources/Freedom_c.obj
 .debug_frame   0x0000002c       0x6c ./Sources/Systick_c.obj
 .debug_frame   0x00000098       0x48 ./Sources/TPM1_c.obj
 .debug_frame   0x000000e0       0xcc ./Sources/arm_cm0_c.obj
 .debug_frame   0x000001ac       0x30 ./Sources/main_c.obj
 .debug_frame   0x000001dc      0x3b0 ./Sources/mcg_c.obj
 .debug_frame   0x0000058c       0x30 ./Project_Settings/Startup_Code/__arm_end_c.obj
 .debug_frame   0x000005bc       0x4c ./Project_Settings/Startup_Code/__arm_start_c.obj
 .debug_frame   0x00000608       0x48 ./Project_Settings/Startup_Code/kinetis_sysinit_c.obj
 .debug_frame   0x00000650       0x2c C:/Freescale/CW MCU v10.3/MCU/ARM_GCC_Support/ewl/lib/armv6-m\libc.a(exit.o)
 .debug_frame   0x0000067c       0x28 C:/Freescale/CW MCU v10.3/MCU/ARM_GCC_Support/ewl/lib/armv6-m\libc.a(memset.o)
 .debug_frame   0x000006a4       0x54 C:/Freescale/CW MCU v10.3/MCU/ARM_GCC_Support/ewl/lib/armv6-m\libc.a(printformat_.o)
 .debug_frame   0x000006f8       0x34 C:/Freescale/CW MCU v10.3/MCU/ARM_GCC_Support/ewl/lib/armv6-m\libc.a(scanformat_.o)
 .debug_frame   0x0000072c      0x158 C:/Freescale/CW MCU v10.3/MCU/ARM_GCC_Support/ewl/lib/armv6-m\libc.a(ctype_aeabi.o)
 .debug_frame   0x00000884       0x30 C:/Freescale/CW MCU v10.3/MCU/ARM_GCC_Support/ewl/lib/armv6-m\libc.a(__strtoul.o)
 .debug_frame   0x000008b4       0x2c C:/Freescale/CW MCU v10.3/MCU/ARM_GCC_Support/ewl/lib/armv6-m\libc.a(__filll_mem.o)
 .debug_frame   0x000008e0       0x28 C:/Freescale/CW MCU v10.3/MCU/ARM_GCC_Support/ewl/lib/armv6-m\libc.a(memchr.o)
 .debug_frame   0x00000908       0x28 C:/Freescale/CW MCU v10.3/MCU/ARM_GCC_Support/ewl/lib/armv6-m\libc.a(strchr.o)
 .debug_frame   0x00000930       0x28 C:/Freescale/CW MCU v10.3/MCU/ARM_GCC_Support/ewl/lib/armv6-m\libc.a(strlen.o)
 .debug_frame   0x00000958       0x20 c:/freescale/cw mcu v10.3/cross_tools/arm-none-eabi-gcc-4_6_2/bin/../lib/gcc/arm-none-eabi/4.6.2/armv6-m\libgcc.a(_udivsi3.o)
 .debug_frame   0x00000978       0x20 c:/freescale/cw mcu v10.3/cross_tools/arm-none-eabi-gcc-4_6_2/bin/../lib/gcc/arm-none-eabi/4.6.2/armv6-m\libgcc.a(_divsi3.o)
 .debug_frame   0x00000998       0x48 C:/Freescale/CW MCU v10.3/MCU/ARM_GCC_Support/ewl/lib/armv6-m\librt.a(gcc_ctor_dtor.o)
 .debug_frame   0x000009e0       0x54 C:/Freescale/CW MCU v10.3/MCU/ARM_GCC_Support/ewl/lib/armv6-m\librt.a(ROMCopy.o)
 .debug_frame   0x00000a34       0xbc C:/Freescale/CW MCU v10.3/MCU/ARM_GCC_Support/ewl/lib/armv6-m\librt.a(__arm_eabi_init.o)
